../usb/hw_config.c:73:6:USB_HW_Config	8	static
../usb/hw_config.c:95:6:USB_Clock_Config	8	static
../usb/hw_config.c:111:6:Enter_LowPowerMode	4	static
../usb/hw_config.c:124:6:Leave_LowPowerMode	16	static
../usb/hw_config.c:146:6:USB_Interrupts_Config	16	static
../usb/hw_config.c:181:6:USB_Cable_Ctrl	16	static
../usb/hw_config.c:197:6:USB_GPIO_Config	16	static
../usb/hw_config.c:230:6:USB_EXTI_Config	16	static
../usb/hw_config.c:248:6:USART_Config_Default	8	static
../usb/hw_config.c:281:6:USART_Config	8	static
../usb/hw_config.c:364:6:USB_To_USART_Send_Data	24	static
../usb/hw_config.c:384:6:Handle_USBAsynchXfer	16	static
../usb/hw_config.c:441:6:USART_To_USB_Send_Data	8	static
../usb/hw_config.c:483:6:STM_USART_Init	24	static
../usb/hw_config.c:538:6:Get_SerialNum	24	static
../usb/hw_config.c:561:13:IntToUnicode	32	static
