../usb/hw_config.c:72:6:USB_HW_Config	8	static
../usb/hw_config.c:94:6:USB_Clock_Config	8	static
../usb/hw_config.c:110:6:Enter_LowPowerMode	4	static
../usb/hw_config.c:123:6:Leave_LowPowerMode	16	static
../usb/hw_config.c:145:6:USB_Interrupts_Config	16	static
../usb/hw_config.c:180:6:USB_Cable_Ctrl	16	static
../usb/hw_config.c:196:6:USB_GPIO_Config	4	static
../usb/hw_config.c:217:6:USB_EXTI_Config	16	static
../usb/hw_config.c:235:6:USART_Config_Default	8	static
../usb/hw_config.c:268:6:USART_Config	8	static
../usb/hw_config.c:351:6:USB_To_USART_Send_Data	24	static
../usb/hw_config.c:371:6:Handle_USBAsynchXfer	16	static
../usb/hw_config.c:428:6:USART_To_USB_Send_Data	8	static
../usb/hw_config.c:470:6:STM_USART_Init	24	static
../usb/hw_config.c:525:6:Get_SerialNum	24	static
../usb/hw_config.c:548:13:IntToUnicode	32	static
