../usb/usb_prop.c:151:6:Device_Init	8	static
../usb/usb_prop.c:178:6:Device_Reset	8	static
../usb/usb_prop.c:278:6:Device_SetConfiguration	4	static
../usb/usb_prop.c:293:6:Device_SetDeviceAddress	4	static
../usb/usb_prop.c:305:6:Device_Status_In	8	static
../usb/usb_prop.c:322:6:Device_Status_Out	4	static
../usb/usb_prop.c:334:8:Device_Data_Setup	24	static
../usb/usb_prop.c:418:8:Device_NoData_Setup	16	static
../usb/usb_prop.c:466:10:Device_GetDeviceDescriptor	16	static
../usb/usb_prop.c:482:10:Device_GetConfigDescriptor	16	static
../usb/usb_prop.c:498:10:Device_GetStringDescriptor	24	static
../usb/usb_prop.c:520:8:Device_Get_Interface_Setting	16	static
../usb/usb_prop.c:539:10:Blaster_Get_VendorData	16	static
../usb/usb_prop.c:556:10:CDC_GetLineCoding	16	static
../usb/usb_prop.c:573:10:CDC_SetLineCoding	16	static
