Archive member included to satisfy reference by file (symbol)

C:/Program Files/STM32CubeIDE_1.16.0/STM32CubeIDE/plugins/com.st.stm32cube.ide.mcu.externaltools.gnu-tools-for-stm32.12.3.rel1.win32_1.0.200.202406191623/tools/bin/../lib/gcc/arm-none-eabi/12.3.1/../../../../arm-none-eabi/lib/thumb/v7-m/nofp\libc_nano.a(libc_a-exit.o)
                              C:/Program Files/STM32CubeIDE_1.16.0/STM32CubeIDE/plugins/com.st.stm32cube.ide.mcu.externaltools.gnu-tools-for-stm32.12.3.rel1.win32_1.0.200.202406191623/tools/bin/../lib/gcc/arm-none-eabi/12.3.1/../../../../arm-none-eabi/lib/thumb/v7-m/nofp/crt0.o (exit)
C:/Program Files/STM32CubeIDE_1.16.0/STM32CubeIDE/plugins/com.st.stm32cube.ide.mcu.externaltools.gnu-tools-for-stm32.12.3.rel1.win32_1.0.200.202406191623/tools/bin/../lib/gcc/arm-none-eabi/12.3.1/../../../../arm-none-eabi/lib/thumb/v7-m/nofp\libc_nano.a(libc_a-findfp.o)
                              C:/Program Files/STM32CubeIDE_1.16.0/STM32CubeIDE/plugins/com.st.stm32cube.ide.mcu.externaltools.gnu-tools-for-stm32.12.3.rel1.win32_1.0.200.202406191623/tools/bin/../lib/gcc/arm-none-eabi/12.3.1/../../../../arm-none-eabi/lib/thumb/v7-m/nofp\libc_nano.a(libc_a-exit.o) (__stdio_exit_handler)
C:/Program Files/STM32CubeIDE_1.16.0/STM32CubeIDE/plugins/com.st.stm32cube.ide.mcu.externaltools.gnu-tools-for-stm32.12.3.rel1.win32_1.0.200.202406191623/tools/bin/../lib/gcc/arm-none-eabi/12.3.1/../../../../arm-none-eabi/lib/thumb/v7-m/nofp\libc_nano.a(libc_a-fwalk.o)
                              C:/Program Files/STM32CubeIDE_1.16.0/STM32CubeIDE/plugins/com.st.stm32cube.ide.mcu.externaltools.gnu-tools-for-stm32.12.3.rel1.win32_1.0.200.202406191623/tools/bin/../lib/gcc/arm-none-eabi/12.3.1/../../../../arm-none-eabi/lib/thumb/v7-m/nofp\libc_nano.a(libc_a-findfp.o) (_fwalk_sglue)
C:/Program Files/STM32CubeIDE_1.16.0/STM32CubeIDE/plugins/com.st.stm32cube.ide.mcu.externaltools.gnu-tools-for-stm32.12.3.rel1.win32_1.0.200.202406191623/tools/bin/../lib/gcc/arm-none-eabi/12.3.1/../../../../arm-none-eabi/lib/thumb/v7-m/nofp\libc_nano.a(libc_a-stdio.o)
                              C:/Program Files/STM32CubeIDE_1.16.0/STM32CubeIDE/plugins/com.st.stm32cube.ide.mcu.externaltools.gnu-tools-for-stm32.12.3.rel1.win32_1.0.200.202406191623/tools/bin/../lib/gcc/arm-none-eabi/12.3.1/../../../../arm-none-eabi/lib/thumb/v7-m/nofp\libc_nano.a(libc_a-findfp.o) (__sread)
C:/Program Files/STM32CubeIDE_1.16.0/STM32CubeIDE/plugins/com.st.stm32cube.ide.mcu.externaltools.gnu-tools-for-stm32.12.3.rel1.win32_1.0.200.202406191623/tools/bin/../lib/gcc/arm-none-eabi/12.3.1/../../../../arm-none-eabi/lib/thumb/v7-m/nofp\libc_nano.a(libc_a-closer.o)
                              C:/Program Files/STM32CubeIDE_1.16.0/STM32CubeIDE/plugins/com.st.stm32cube.ide.mcu.externaltools.gnu-tools-for-stm32.12.3.rel1.win32_1.0.200.202406191623/tools/bin/../lib/gcc/arm-none-eabi/12.3.1/../../../../arm-none-eabi/lib/thumb/v7-m/nofp\libc_nano.a(libc_a-stdio.o) (_close_r)
C:/Program Files/STM32CubeIDE_1.16.0/STM32CubeIDE/plugins/com.st.stm32cube.ide.mcu.externaltools.gnu-tools-for-stm32.12.3.rel1.win32_1.0.200.202406191623/tools/bin/../lib/gcc/arm-none-eabi/12.3.1/../../../../arm-none-eabi/lib/thumb/v7-m/nofp\libc_nano.a(libc_a-reent.o)
                              C:/Program Files/STM32CubeIDE_1.16.0/STM32CubeIDE/plugins/com.st.stm32cube.ide.mcu.externaltools.gnu-tools-for-stm32.12.3.rel1.win32_1.0.200.202406191623/tools/bin/../lib/gcc/arm-none-eabi/12.3.1/../../../../arm-none-eabi/lib/thumb/v7-m/nofp\libc_nano.a(libc_a-closer.o) (errno)
C:/Program Files/STM32CubeIDE_1.16.0/STM32CubeIDE/plugins/com.st.stm32cube.ide.mcu.externaltools.gnu-tools-for-stm32.12.3.rel1.win32_1.0.200.202406191623/tools/bin/../lib/gcc/arm-none-eabi/12.3.1/../../../../arm-none-eabi/lib/thumb/v7-m/nofp\libc_nano.a(libc_a-impure.o)
                              C:/Program Files/STM32CubeIDE_1.16.0/STM32CubeIDE/plugins/com.st.stm32cube.ide.mcu.externaltools.gnu-tools-for-stm32.12.3.rel1.win32_1.0.200.202406191623/tools/bin/../lib/gcc/arm-none-eabi/12.3.1/../../../../arm-none-eabi/lib/thumb/v7-m/nofp\libc_nano.a(libc_a-reent.o) (_impure_ptr)
C:/Program Files/STM32CubeIDE_1.16.0/STM32CubeIDE/plugins/com.st.stm32cube.ide.mcu.externaltools.gnu-tools-for-stm32.12.3.rel1.win32_1.0.200.202406191623/tools/bin/../lib/gcc/arm-none-eabi/12.3.1/../../../../arm-none-eabi/lib/thumb/v7-m/nofp\libc_nano.a(libc_a-lseekr.o)
                              C:/Program Files/STM32CubeIDE_1.16.0/STM32CubeIDE/plugins/com.st.stm32cube.ide.mcu.externaltools.gnu-tools-for-stm32.12.3.rel1.win32_1.0.200.202406191623/tools/bin/../lib/gcc/arm-none-eabi/12.3.1/../../../../arm-none-eabi/lib/thumb/v7-m/nofp\libc_nano.a(libc_a-stdio.o) (_lseek_r)
C:/Program Files/STM32CubeIDE_1.16.0/STM32CubeIDE/plugins/com.st.stm32cube.ide.mcu.externaltools.gnu-tools-for-stm32.12.3.rel1.win32_1.0.200.202406191623/tools/bin/../lib/gcc/arm-none-eabi/12.3.1/../../../../arm-none-eabi/lib/thumb/v7-m/nofp\libc_nano.a(libc_a-readr.o)
[...]
Memory Configuration

Name             Origin             Length             Attributes
RAM              0x20000000         0x00005000         xrw
FLASH            0x08000000         0x00010000         xr
*default*        0x00000000         0xffffffff

Linker script and memory map

LOAD C:/Program Files/STM32CubeIDE_1.16.0/STM32CubeIDE/plugins/com.st.stm32cube.ide.mcu.externaltools.gnu-tools-for-stm32.12.3.rel1.win32_1.0.200.202406191623/tools/bin/../lib/gcc/arm-none-eabi/12.3.1/thumb/v7-m/nofp/crti.o
LOAD C:/Program Files/STM32CubeIDE_1.16.0/STM32CubeIDE/plugins/com.st.stm32cube.ide.mcu.externaltools.gnu-tools-for-stm32.12.3.rel1.win32_1.0.200.202406191623/tools/bin/../lib/gcc/arm-none-eabi/12.3.1/thumb/v7-m/nofp/crtbegin.o
LOAD C:/Program Files/STM32CubeIDE_1.16.0/STM32CubeIDE/plugins/com.st.stm32cube.ide.mcu.externaltools.gnu-tools-for-stm32.12.3.rel1.win32_1.0.200.202406191623/tools/bin/../lib/gcc/arm-none-eabi/12.3.1/../../../../arm-none-eabi/lib/thumb/v7-m/nofp/crt0.o
LOAD ./drv/adc.o
LOAD ./drv/led.o
LOAD ./drv/timebase.o
LOAD ./fsusb/src/usb_core.o
LOAD ./fsusb/src/usb_init.o
LOAD ./fsusb/src/usb_int.o
LOAD ./fsusb/src/usb_mem.o
LOAD ./fsusb/src/usb_regs.o
LOAD ./fsusb/src/usb_sil.o
LOAD ./src/blaster.o
LOAD ./src/blaster_port.o
LOAD ./src/ft245rom.o
LOAD ./src/main.o
LOAD ./src/memop.o
LOAD ./src/ringbuf.o
LOAD ./stdperiph/src/misc.o
LOAD ./stdperiph/src/stm32f10x_adc.o
LOAD ./stdperiph/src/stm32f10x_bkp.o
LOAD ./stdperiph/src/stm32f10x_can.o
LOAD ./stdperiph/src/stm32f10x_cec.o
LOAD ./stdperiph/src/stm32f10x_crc.o
LOAD ./stdperiph/src/stm32f10x_dac.o
LOAD ./stdperiph/src/stm32f10x_dbgmcu.o
LOAD ./stdperiph/src/stm32f10x_dma.o
LOAD ./stdperiph/src/stm32f10x_exti.o
LOAD ./stdperiph/src/stm32f10x_flash.o
LOAD ./stdperiph/src/stm32f10x_fsmc.o
LOAD ./stdperiph/src/stm32f10x_gpio.o
LOAD ./stdperiph/src/stm32f10x_i2c.o
LOAD ./stdperiph/src/stm32f10x_iwdg.o
LOAD ./stdperiph/src/stm32f10x_pwr.o
LOAD ./stdperiph/src/stm32f10x_rcc.o
LOAD ./stdperiph/src/stm32f10x_rtc.o
LOAD ./stdperiph/src/stm32f10x_sdio.o
LOAD ./stdperiph/src/stm32f10x_spi.o
LOAD ./stdperiph/src/stm32f10x_tim.o
LOAD ./stdperiph/src/stm32f10x_usart.o
LOAD ./stdperiph/src/stm32f10x_wwdg.o
LOAD ./sys/startup_stm32f10x_md.o
LOAD ./sys/stm32_it.o
LOAD ./sys/system_stm32f10x.o
LOAD ./usb/hw_config.o
LOAD ./usb/usb_desc.o
LOAD ./usb/usb_endp.o
LOAD ./usb/usb_istr.o
LOAD ./usb/usb_prop.o
LOAD ./usb/usb_pwr.o
START GROUP
LOAD C:/Program Files/STM32CubeIDE_1.16.0/STM32CubeIDE/plugins/com.st.stm32cube.ide.mcu.externaltools.gnu-tools-for-stm32.12.3.rel1.win32_1.0.200.202406191623/tools/bin/../lib/gcc/arm-none-eabi/12.3.1/../../../../arm-none-eabi/lib/thumb/v7-m/nofp\libc_nano.a
LOAD C:/Program Files/STM32CubeIDE_1.16.0/STM32CubeIDE/plugins/com.st.stm32cube.ide.mcu.externaltools.gnu-tools-for-stm32.12.3.rel1.win32_1.0.200.202406191623/tools/bin/../lib/gcc/arm-none-eabi/12.3.1/../../../../arm-none-eabi/lib/thumb/v7-m/nofp\libm.a
END GROUP
START GROUP
LOAD C:/Program Files/STM32CubeIDE_1.16.0/STM32CubeIDE/plugins/com.st.stm32cube.ide.mcu.externaltools.gnu-tools-for-stm32.12.3.rel1.win32_1.0.200.202406191623/tools/bin/../lib/gcc/arm-none-eabi/12.3.1/thumb/v7-m/nofp\libgcc.a
LOAD C:/Program Files/STM32CubeIDE_1.16.0/STM32CubeIDE/plugins/com.st.stm32cube.ide.mcu.externaltools.gnu-tools-for-stm32.12.3.rel1.win32_1.0.200.202406191623/tools/bin/../lib/gcc/arm-none-eabi/12.3.1/../../../../arm-none-eabi/lib/thumb/v7-m/nofp\libc_nano.a
END GROUP
START GROUP
LOAD C:/Program Files/STM32CubeIDE_1.16.0/STM32CubeIDE/plugins/com.st.stm32cube.ide.mcu.externaltools.gnu-tools-for-stm32.12.3.rel1.win32_1.0.200.202406191623/tools/bin/../lib/gcc/arm-none-eabi/12.3.1/thumb/v7-m/nofp\libgcc.a
LOAD C:/Program Files/STM32CubeIDE_1.16.0/STM32CubeIDE/plugins/com.st.stm32cube.ide.mcu.externaltools.gnu-tools-for-stm32.12.3.rel1.win32_1.0.200.202406191623/tools/bin/../lib/gcc/arm-none-eabi/12.3.1/../../../../arm-none-eabi/lib/thumb/v7-m/nofp\libc_nano.a
LOAD C:/Program Files/STM32CubeIDE_1.16.0/STM32CubeIDE/plugins/com.st.stm32cube.ide.mcu.externaltools.gnu-tools-for-stm32.12.3.rel1.win32_1.0.200.202406191623/tools/bin/../lib/gcc/arm-none-eabi/12.3.1/../../../../arm-none-eabi/lib/thumb/v7-m/nofp\libnosys.a
END GROUP
START GROUP
LOAD C:/Program Files/STM32CubeIDE_1.16.0/STM32CubeIDE/plugins/com.st.stm32cube.ide.mcu.externaltools.gnu-tools-for-stm32.12.3.rel1.win32_1.0.200.202406191623/tools/bin/../lib/gcc/arm-none-eabi/12.3.1/thumb/v7-m/nofp\libgcc.a
LOAD C:/Program Files/STM32CubeIDE_1.16.0/STM32CubeIDE/plugins/com.st.stm32cube.ide.mcu.externaltools.gnu-tools-for-stm32.12.3.rel1.win32_1.0.200.202406191623/tools/bin/../lib/gcc/arm-none-eabi/12.3.1/../../../../arm-none-eabi/lib/thumb/v7-m/nofp\libc_nano.a
LOAD C:/Program Files/STM32CubeIDE_1.16.0/STM32CubeIDE/plugins/com.st.stm32cube.ide.mcu.externaltools.gnu-tools-for-stm32.12.3.rel1.win32_1.0.200.202406191623/tools/bin/../lib/gcc/arm-none-eabi/12.3.1/../../../../arm-none-eabi/lib/thumb/v7-m/nofp\libnosys.a
END GROUP
LOAD C:/Program Files/STM32CubeIDE_1.16.0/STM32CubeIDE/plugins/com.st.stm32cube.ide.mcu.externaltools.gnu-tools-for-stm32.12.3.rel1.win32_1.0.200.202406191623/tools/bin/../lib/gcc/arm-none-eabi/12.3.1/thumb/v7-m/nofp/crtend.o
LOAD C:/Program Files/STM32CubeIDE_1.16.0/STM32CubeIDE/plugins/com.st.stm32cube.ide.mcu.externaltools.gnu-tools-for-stm32.12.3.rel1.win32_1.0.200.202406191623/tools/bin/../lib/gcc/arm-none-eabi/12.3.1/thumb/v7-m/nofp/crtn.o
                0x20005000                        _estack = (ORIGIN (RAM) + LENGTH (RAM))
                0x00000200                        _Min_Heap_Size = 0x200
                0x00000400                        _Min_Stack_Size = 0x400

.isr_vector     0x08000000      0x10c
                0x08000000                        . = ALIGN (0x4)
 *(.isr_vector)
 .isr_vector    0x08000000      0x10c ./sys/startup_stm32f10x_md.o
                0x08000000                g_pfnVectors
                0x0800010c                        . = ALIGN (0x4)

.text           0x08000110     0x5684
                0x08000110                        . = ALIGN (0x4)
 *(.text)
 .text          0x08000110       0x40 C:/Program Files/STM32CubeIDE_1.16.0/STM32CubeIDE/plugins/com.st.stm32cube.ide.mcu.externaltools.gnu-tools-for-stm32.12.3.rel1.win32_1.0.200.202406191623/tools/bin/../lib/gcc/arm-none-eabi/12.3.1/thumb/v7-m/nofp/crtbegin.o
 .text          0x08000150      0x378 C:/Program Files/STM32CubeIDE_1.16.0/STM32CubeIDE/plugins/com.st.stm32cube.ide.mcu.externaltools.gnu-tools-for-stm32.12.3.rel1.win32_1.0.200.202406191623/tools/bin/../lib/gcc/arm-none-eabi/12.3.1/thumb/v7-m/nofp\libgcc.a(_arm_addsubdf3.o)
                0x08000150                __aeabi_drsub
                0x08000158                __aeabi_dsub
                0x08000158                __subdf3
                0x0800015c                __aeabi_dadd
                0x0800015c                __adddf3
                0x080003d4                __floatunsidf
                0x080003d4                __aeabi_ui2d
                0x080003f4                __floatsidf
                0x080003f4                __aeabi_i2d
                0x08000418                __aeabi_f2d
                0x08000418                __extendsfdf2
                0x0800045c                __floatundidf
                0x0800045c                __aeabi_ul2d
                0x0800046c                __floatdidf
                0x0800046c                __aeabi_l2d
 .text          0x080004c8      0x424 C:/Program Files/STM32CubeIDE_1.16.0/STM32CubeIDE/plugins/com.st.stm32cube.ide.mcu.externaltools.gnu-tools-for-stm32.12.3.rel1.win32_1.0.200.202406191623/tools/bin/../lib/gcc/arm-none-eabi/12.3.1/thumb/v7-m/nofp\libgcc.a(_arm_muldivdf3.o)
                0x080004c8                __aeabi_dmul
                0x080004c8                __muldf3
                0x0800071c                __divdf3
                0x0800071c                __aeabi_ddiv
 .text          0x080008ec      0x110 C:/Program Files/STM32CubeIDE_1.16.0/STM32CubeIDE/plugins/com.st.stm32cube.ide.mcu.externaltools.gnu-tools-for-stm32.12.3.rel1.win32_1.0.200.202406191623/tools/bin/../lib/gcc/arm-none-eabi/12.3.1/thumb/v7-m/nofp\libgcc.a(_arm_cmpdf2.o)
                0x080008ec                __gtdf2
                0x080008ec                __gedf2
                0x080008f4                __ltdf2
                0x080008f4                __ledf2
                0x080008fc                __nedf2
                0x080008fc                __eqdf2
                0x080008fc                __cmpdf2
                0x08000978                __aeabi_cdrcmple
                0x08000988                __aeabi_cdcmpeq
                0x08000988                __aeabi_cdcmple
                0x08000998                __aeabi_dcmpeq
                0x080009ac                __aeabi_dcmplt
                0x080009c0                __aeabi_dcmple
                0x080009d4                __aeabi_dcmpge
                0x080009e8                __aeabi_dcmpgt
 .text          0x080009fc       0xa0 C:/Program Files/STM32CubeIDE_1.16.0/STM32CubeIDE/plugins/com.st.stm32cube.ide.mcu.externaltools.gnu-tools-for-stm32.12.3.rel1.win32_1.0.200.202406191623/tools/bin/../lib/gcc/arm-none-eabi/12.3.1/thumb/v7-m/nofp\libgcc.a(_arm_truncdfsf2.o)
                0x080009fc                __truncdfsf2
                0x080009fc                __aeabi_d2f
 *(.text*)
 .text.ADCInit  0x08000a9c       0x88 ./drv/adc.o
                0x08000a9c                ADCInit
 .text.ADC1_Ch_Start
                0x08000b24       0x2c ./drv/adc.o
                0x08000b24                ADC1_Ch_Start
 .text.LED_gpio_config
                0x08000b50       0x70 ./drv/led.o
 .text.LED_init
                0x08000bc0       0x44 ./drv/led.o
                0x08000bc0                LED_init
 .text.LED_update
                0x08000c04       0x5c ./drv/led.o
                0x08000c04                LED_update
 .text.LED_blink
                0x08000c60       0x54 ./drv/led.o
                0x08000c60                LED_blink
 .text.NVIC_SetPriority
                0x08000cb4       0x54 ./drv/timebase.o
 .text.SysTick_Config
                0x08000d08       0x44 ./drv/timebase.o
 .text.SysTick_Handler
                0x08000d4c       0x1c ./drv/timebase.o
                0x08000d4c                SysTick_Handler
 .text.timebase_init
                0x08000d68       0x50 ./drv/timebase.o
                0x08000d68                timebase_init
 .text.millis   0x08000db8       0x14 ./drv/timebase.o
                0x08000db8                millis
 .text.Standard_GetConfiguration
                0x08000dcc       0x3c ./fsusb/src/usb_core.o
                0x08000dcc                Standard_GetConfiguration
 .text.Standard_SetConfiguration
                0x08000e08       0x50 ./fsusb/src/usb_core.o
                0x08000e08                Standard_SetConfiguration
 .text.Standard_GetInterface
                0x08000e58       0x3c ./fsusb/src/usb_core.o
                0x08000e58                Standard_GetInterface
 .text.Standard_SetInterface
                0x08000e94       0x88 ./fsusb/src/usb_core.o
                0x08000e94                Standard_SetInterface
 .text.Standard_GetStatus
                0x08000f1c      0x138 ./fsusb/src/usb_core.o
                0x08000f1c                Standard_GetStatus
 .text.Standard_ClearFeature
                0x08001054      0x1d8 ./fsusb/src/usb_core.o
                0x08001054                Standard_ClearFeature
 .text.Standard_SetEndPointFeature
                0x0800122c      0x114 ./fsusb/src/usb_core.o
                0x0800122c                Standard_SetEndPointFeature
 .text.Standard_SetDeviceFeature
                0x08001340       0x2c ./fsusb/src/usb_core.o
                0x08001340                Standard_SetDeviceFeature
 .text.Standard_GetDescriptorData
                0x0800136c       0x48 ./fsusb/src/usb_core.o
                0x0800136c                Standard_GetDescriptorData
 .text.DataStageOut
                0x080013b4      0x104 ./fsusb/src/usb_core.o
 .text.DataStageIn
                0x080014b8      0x10c ./fsusb/src/usb_core.o
 .text.NoData_Setup0
                0x080015c4      0x194 ./fsusb/src/usb_core.o
 .text.Data_Setup0
                0x08001758      0x328 ./fsusb/src/usb_core.o
 .text.Setup0_Process
                0x08001a80       0xd8 ./fsusb/src/usb_core.o
                0x08001a80                Setup0_Process
 .text.In0_Process
                0x08001b58       0x90 ./fsusb/src/usb_core.o
                0x08001b58                In0_Process
 .text.Out0_Process
                0x08001be8       0x74 ./fsusb/src/usb_core.o
                0x08001be8                Out0_Process
 .text.Post0_Process
                0x08001c5c       0x50 ./fsusb/src/usb_core.o
                0x08001c5c                Post0_Process
 .text.SetDeviceAddress
                0x08001cac       0x7c ./fsusb/src/usb_core.o
                0x08001cac                SetDeviceAddress
 .text.NOP_Process
                0x08001d28        0xc ./fsusb/src/usb_core.o
                0x08001d28                NOP_Process
 .text.USB_Init
                0x08001d34       0x44 ./fsusb/src/usb_init.o
                0x08001d34                USB_Init
 .text.CTR_LP   0x08001d78      0x300 ./fsusb/src/usb_int.o
                0x08001d78                CTR_LP
 .text.CTR_HP   0x08002078       0xf0 ./fsusb/src/usb_int.o
                0x08002078                CTR_HP
 .text.UserToPMABufferCopy
                0x08002168       0x74 ./fsusb/src/usb_mem.o
                0x08002168                UserToPMABufferCopy
 .text.PMAToUserBufferCopy
                0x080021dc       0x5c ./fsusb/src/usb_mem.o
                0x080021dc                PMAToUserBufferCopy
 .text.SetBTABLE
                0x08002238       0x24 ./fsusb/src/usb_regs.o
                0x08002238                SetBTABLE
 .text.GetENDPOINT
                0x0800225c       0x24 ./fsusb/src/usb_regs.o
                0x0800225c                GetENDPOINT
 .text.SetEPType
                0x08002280       0x4c ./fsusb/src/usb_regs.o
                0x08002280                SetEPType
 .text.SetEPTxStatus
                0x080022cc       0x70 ./fsusb/src/usb_regs.o
                0x080022cc                SetEPTxStatus
 .text.SetEPRxStatus
                0x0800233c       0x70 ./fsusb/src/usb_regs.o
                0x0800233c                SetEPRxStatus
 .text.SetEPTxValid
                0x080023ac       0x54 ./fsusb/src/usb_regs.o
                0x080023ac                SetEPTxValid
 .text.SetEPRxValid
                0x08002400       0x54 ./fsusb/src/usb_regs.o
                0x08002400                SetEPRxValid
 .text.Clear_Status_Out
                0x08002454       0x48 ./fsusb/src/usb_regs.o
                0x08002454                Clear_Status_Out
 .text.SetEPDoubleBuff
                0x0800249c       0x50 ./fsusb/src/usb_regs.o
                0x0800249c                SetEPDoubleBuff
 .text.ToggleDTOG_TX
                0x080024ec       0x42 ./fsusb/src/usb_regs.o
                0x080024ec                ToggleDTOG_TX
 .text.ClearDTOG_RX
                0x0800252e       0x5a ./fsusb/src/usb_regs.o
                0x0800252e                ClearDTOG_RX
 .text.ClearDTOG_TX
                0x08002588       0x5a ./fsusb/src/usb_regs.o
                0x08002588                ClearDTOG_TX
 *fill*         0x080025e2        0x2 
 .text.SetEPTxAddr
                0x080025e4       0x44 ./fsusb/src/usb_regs.o
                0x080025e4                SetEPTxAddr
 .text.SetEPRxAddr
                0x08002628       0x44 ./fsusb/src/usb_regs.o
                0x08002628                SetEPRxAddr
 .text.GetEPTxAddr
                0x0800266c       0x34 ./fsusb/src/usb_regs.o
                0x0800266c                GetEPTxAddr
 .text.GetEPRxAddr
                0x080026a0       0x34 ./fsusb/src/usb_regs.o
                0x080026a0                GetEPRxAddr
 .text.SetEPTxCount
                0x080026d4       0x3c ./fsusb/src/usb_regs.o
                0x080026d4                SetEPTxCount
 .text.SetEPRxCount
                0x08002710       0x84 ./fsusb/src/usb_regs.o
                0x08002710                SetEPRxCount
 .text.GetEPRxCount
                0x08002794       0x3c ./fsusb/src/usb_regs.o
                0x08002794                GetEPRxCount
 .text.SetEPDblBuffAddr
                0x080027d0       0x6c ./fsusb/src/usb_regs.o
                0x080027d0                SetEPDblBuffAddr
 .text.SetEPDblBuffCount
                0x0800283c      0x138 ./fsusb/src/usb_regs.o
                0x0800283c                SetEPDblBuffCount
 .text.GetEPDblBuf0Count
                0x08002974       0x3c ./fsusb/src/usb_regs.o
                0x08002974                GetEPDblBuf0Count
 .text.GetEPDblBuf1Count
                0x080029b0       0x3c ./fsusb/src/usb_regs.o
                0x080029b0                GetEPDblBuf1Count
 .text.FreeUserBuffer
                0x080029ec       0x84 ./fsusb/src/usb_regs.o
                0x080029ec                FreeUserBuffer
 .text.ByteSwap
                0x08002a70       0x2e ./fsusb/src/usb_regs.o
                0x08002a70                ByteSwap
 *fill*         0x08002a9e        0x2 
 .text.USB_SIL_Init
                0x08002aa0       0x30 ./fsusb/src/usb_sil.o
                0x08002aa0                USB_SIL_Init
 .text.USB_SIL_Write
                0x08002ad0       0x4a ./fsusb/src/usb_sil.o
                0x08002ad0                USB_SIL_Write
 .text.USB_SIL_Read
                0x08002b1a       0x4a ./fsusb/src/usb_sil.o
                0x08002b1a                USB_SIL_Read
 .text.blaster_usbrecv
                0x08002b64       0x98 ./src/blaster.o
 .text.blaster_usbsend
                0x08002bfc       0x9c ./src/blaster.o
 .text.blaster_ioproc
                0x08002c98       0xfc ./src/blaster.o
 .text.blaster_init
                0x08002d94       0x88 ./src/blaster.o
                0x08002d94                blaster_init
 .text.blaster_exec
                0x08002e1c       0x14 ./src/blaster.o
                0x08002e1c                blaster_exec
 .text.bport_init
                0x08002e30       0x44 ./src/blaster_port.o
                0x08002e30                bport_init
 .text.bport_state_set
                0x08002e74       0x74 ./src/blaster_port.o
                0x08002e74                bport_state_set
 .text.bport_state_get
                0x08002ee8       0x28 ./src/blaster_port.o
                0x08002ee8                bport_state_get
 .text.bport_shift_out
                0x08002f10       0xdc ./src/blaster_port.o
                0x08002f10                bport_shift_out
 .text.bport_shift_io
                0x08002fec      0x148 ./src/blaster_port.o
                0x08002fec                bport_shift_io
 .text.ft245rom_checksum
                0x08003134       0x6c ./src/ft245rom.o
                0x08003134                ft245rom_checksum
 .text.ft245rom_init
                0x080031a0      0x23c ./src/ft245rom.o
                0x080031a0                ft245rom_init
 .text.ft245rom_read
                0x080033dc       0x34 ./src/ft245rom.o
                0x080033dc                ft245rom_read
 .text.main     0x08003410      0x34c ./src/main.o
                0x08003410                main
 .text.SetupPinInit
                0x0800375c       0x34 ./src/main.o
                0x0800375c                SetupPinInit
 .text.DE_PinInit
                0x08003790       0x2c ./src/main.o
                0x08003790                DE_PinInit
 .text.POW_PinInit
                0x080037bc       0x50 ./src/main.o
                0x080037bc                POW_PinInit
 .text.BlasterInit
                0x0800380c       0x20 ./src/main.o
                0x0800380c                BlasterInit
 .text.memcpy   0x0800382c       0x44 ./src/memop.o
                0x0800382c                memcpy
 .text.memset   0x08003870       0x3e ./src/memop.o
                0x08003870                memset
 .text.ringbuf_init
                0x080038ae       0x4e ./src/ringbuf.o
                0x080038ae                ringbuf_init
 .text.ringbuf_use_len
                0x080038fc       0x1c ./src/ringbuf.o
                0x080038fc                ringbuf_use_len
 .text.ringbuf_is_full
                0x08003918       0x2a ./src/ringbuf.o
                0x08003918                ringbuf_is_full
 .text.ringbuf_get
                0x08003942       0xa2 ./src/ringbuf.o
                0x08003942                ringbuf_get
 .text.ringbuf_putc
                0x080039e4       0x46 ./src/ringbuf.o
                0x080039e4                ringbuf_putc
 *fill*         0x08003a2a        0x2 
 .text.NVIC_PriorityGroupConfig
                0x08003a2c       0x24 ./stdperiph/src/misc.o
                0x08003a2c                NVIC_PriorityGroupConfig
 .text.NVIC_Init
                0x08003a50       0xc4 ./stdperiph/src/misc.o
                0x08003a50                NVIC_Init
 .text.ADC_DeInit
                0x08003b14       0x74 ./stdperiph/src/stm32f10x_adc.o
                0x08003b14                ADC_DeInit
 .text.ADC_Init
                0x08003b88       0xa4 ./stdperiph/src/stm32f10x_adc.o
                0x08003b88                ADC_Init
 .text.ADC_Cmd  0x08003c2c       0x36 ./stdperiph/src/stm32f10x_adc.o
                0x08003c2c                ADC_Cmd
 .text.ADC_ResetCalibration
                0x08003c62       0x1e ./stdperiph/src/stm32f10x_adc.o
                0x08003c62                ADC_ResetCalibration
 .text.ADC_GetResetCalibrationStatus
                0x08003c80       0x2e ./stdperiph/src/stm32f10x_adc.o
                0x08003c80                ADC_GetResetCalibrationStatus
 .text.ADC_StartCalibration
                0x08003cae       0x1e ./stdperiph/src/stm32f10x_adc.o
                0x08003cae                ADC_StartCalibration
 .text.ADC_GetCalibrationStatus
                0x08003ccc       0x2e ./stdperiph/src/stm32f10x_adc.o
                0x08003ccc                ADC_GetCalibrationStatus
 .text.ADC_SoftwareStartConvCmd
                0x08003cfa       0x36 ./stdperiph/src/stm32f10x_adc.o
                0x08003cfa                ADC_SoftwareStartConvCmd
 .text.ADC_RegularChannelConfig
                0x08003d30      0x192 ./stdperiph/src/stm32f10x_adc.o
                0x08003d30                ADC_RegularChannelConfig
 .text.ADC_GetConversionValue
                0x08003ec2       0x18 ./stdperiph/src/stm32f10x_adc.o
                0x08003ec2                ADC_GetConversionValue
 .text.ADC_GetFlagStatus
                0x08003eda       0x32 ./stdperiph/src/stm32f10x_adc.o
                0x08003eda                ADC_GetFlagStatus
 .text.EXTI_Init
                0x08003f0c       0xe4 ./stdperiph/src/stm32f10x_exti.o
                0x08003f0c                EXTI_Init
 .text.EXTI_ClearITPendingBit
                0x08003ff0       0x1c ./stdperiph/src/stm32f10x_exti.o
                0x08003ff0                EXTI_ClearITPendingBit
 .text.GPIO_Init
                0x0800400c      0x178 ./stdperiph/src/stm32f10x_gpio.o
                0x0800400c                GPIO_Init
 .text.GPIO_ReadInputDataBit
                0x08004184       0x32 ./stdperiph/src/stm32f10x_gpio.o
                0x08004184                GPIO_ReadInputDataBit
 .text.GPIO_SetBits
                0x080041b6       0x1c ./stdperiph/src/stm32f10x_gpio.o
                0x080041b6                GPIO_SetBits
 .text.GPIO_ResetBits
                0x080041d2       0x1c ./stdperiph/src/stm32f10x_gpio.o
                0x080041d2                GPIO_ResetBits
 *fill*         0x080041ee        0x2 
 .text.GPIO_PinRemapConfig
                0x080041f0       0xe0 ./stdperiph/src/stm32f10x_gpio.o
                0x080041f0                GPIO_PinRemapConfig
 .text.RCC_USBCLKConfig
                0x080042d0       0x1c ./stdperiph/src/stm32f10x_rcc.o
                0x080042d0                RCC_USBCLKConfig
 .text.RCC_GetClocksFreq
                0x080042ec      0x174 ./stdperiph/src/stm32f10x_rcc.o
                0x080042ec                RCC_GetClocksFreq
 .text.RCC_APB2PeriphClockCmd
                0x08004460       0x3c ./stdperiph/src/stm32f10x_rcc.o
                0x08004460                RCC_APB2PeriphClockCmd
 .text.RCC_APB1PeriphClockCmd
                0x0800449c       0x3c ./stdperiph/src/stm32f10x_rcc.o
                0x0800449c                RCC_APB1PeriphClockCmd
 .text.RCC_APB2PeriphResetCmd
                0x080044d8       0x3c ./stdperiph/src/stm32f10x_rcc.o
                0x080044d8                RCC_APB2PeriphResetCmd
 .text.USART_Init
                0x08004514      0x174 ./stdperiph/src/stm32f10x_usart.o
                0x08004514                USART_Init
 .text.USART_Cmd
                0x08004688       0x3e ./stdperiph/src/stm32f10x_usart.o
                0x08004688                USART_Cmd
 .text.USART_ITConfig
                0x080046c6       0x8e ./stdperiph/src/stm32f10x_usart.o
                0x080046c6                USART_ITConfig
 .text.USART_SendData
                0x08004754       0x22 ./stdperiph/src/stm32f10x_usart.o
                0x08004754                USART_SendData
 .text.USART_ReceiveData
                0x08004776       0x1e ./stdperiph/src/stm32f10x_usart.o
                0x08004776                USART_ReceiveData
 .text.USART_GetFlagStatus
                0x08004794       0x36 ./stdperiph/src/stm32f10x_usart.o
                0x08004794                USART_GetFlagStatus
 .text.USART_GetITStatus
                0x080047ca       0xb4 ./stdperiph/src/stm32f10x_usart.o
                0x080047ca                USART_GetITStatus
 *fill*         0x0800487e        0x2 
 .text.Reset_Handler
                0x08004880       0x44 ./sys/startup_stm32f10x_md.o
                0x08004880                Reset_Handler
 .text.Default_Handler
                0x080048c4        0x2 ./sys/startup_stm32f10x_md.o
                0x080048c4                EXTI2_IRQHandler
                0x080048c4                TIM1_CC_IRQHandler
                0x080048c4                PVD_IRQHandler
                0x080048c4                EXTI3_IRQHandler
                0x080048c4                EXTI0_IRQHandler
                0x080048c4                I2C2_EV_IRQHandler
                0x080048c4                ADC1_2_IRQHandler
                0x080048c4                SPI1_IRQHandler
                0x080048c4                TAMPER_IRQHandler
                0x080048c4                DMA1_Channel4_IRQHandler
                0x080048c4                USART3_IRQHandler
                0x080048c4                RTC_IRQHandler
                0x080048c4                DMA1_Channel7_IRQHandler
                0x080048c4                CAN1_RX1_IRQHandler
                0x080048c4                TIM4_IRQHandler
                0x080048c4                I2C1_EV_IRQHandler
                0x080048c4                DMA1_Channel6_IRQHandler
                0x080048c4                TIM3_IRQHandler
                0x080048c4                RCC_IRQHandler
                0x080048c4                TIM1_TRG_COM_IRQHandler
                0x080048c4                DMA1_Channel1_IRQHandler
                0x080048c4                Default_Handler
                0x080048c4                EXTI15_10_IRQHandler
                0x080048c4                EXTI9_5_IRQHandler
                0x080048c4                SPI2_IRQHandler
                0x080048c4                DMA1_Channel5_IRQHandler
                0x080048c4                EXTI4_IRQHandler
                0x080048c4                DMA1_Channel3_IRQHandler
                0x080048c4                TIM1_UP_IRQHandler
                0x080048c4                WWDG_IRQHandler
                0x080048c4                TIM2_IRQHandler
                0x080048c4                TIM1_BRK_IRQHandler
                0x080048c4                EXTI1_IRQHandler
                0x080048c4                RTCAlarm_IRQHandler
                0x080048c4                USART2_IRQHandler
                0x080048c4                I2C2_ER_IRQHandler
                0x080048c4                DMA1_Channel2_IRQHandler
                0x080048c4                CAN1_SCE_IRQHandler
                0x080048c4                FLASH_IRQHandler
                0x080048c4                I2C1_ER_IRQHandler
 .text.NMI_Handler
                0x080048c6        0xc ./sys/stm32_it.o
                0x080048c6                NMI_Handler
 .text.HardFault_Handler
                0x080048d2        0x8 ./sys/stm32_it.o
                0x080048d2                HardFault_Handler
 .text.MemManage_Handler
                0x080048da        0x8 ./sys/stm32_it.o
                0x080048da                MemManage_Handler
 .text.BusFault_Handler
                0x080048e2        0x8 ./sys/stm32_it.o
                0x080048e2                BusFault_Handler
 .text.UsageFault_Handler
                0x080048ea        0x8 ./sys/stm32_it.o
                0x080048ea                UsageFault_Handler
 .text.SVC_Handler
                0x080048f2        0xc ./sys/stm32_it.o
                0x080048f2                SVC_Handler
 .text.DebugMon_Handler
                0x080048fe        0xc ./sys/stm32_it.o
                0x080048fe                DebugMon_Handler
 .text.PendSV_Handler
                0x0800490a        0xc ./sys/stm32_it.o
                0x0800490a                PendSV_Handler
 .text.USB_HP_CAN1_TX_IRQHandler
                0x08004916        0xc ./sys/stm32_it.o
                0x08004916                USB_HP_CAN1_TX_IRQHandler
 .text.USB_LP_CAN1_RX0_IRQHandler
                0x08004922        0xc ./sys/stm32_it.o
                0x08004922                USB_LP_CAN1_RX0_IRQHandler
 .text.USBWakeUp_IRQHandler
                0x0800492e       0x10 ./sys/stm32_it.o
                0x0800492e                USBWakeUp_IRQHandler
 *fill*         0x0800493e        0x2 
 .text.USART1_IRQHandler
                0x08004940       0x34 ./sys/stm32_it.o
                0x08004940                USART1_IRQHandler
 .text.SystemInit
                0x08004974       0x68 ./sys/system_stm32f10x.o
                0x08004974                SystemInit
 .text.SetSysClock
                0x080049dc        0xc ./sys/system_stm32f10x.o
 .text.SetSysClockTo70
                0x080049e8      0x100 ./sys/system_stm32f10x.o
 .text.USB_HW_Config
                0x08004ae8       0x18 ./usb/hw_config.o
                0x08004ae8                USB_HW_Config
 .text.USB_Clock_Config
                0x08004b00       0x18 ./usb/hw_config.o
                0x08004b00                USB_Clock_Config
 .text.USB_Interrupts_Config
                0x08004b18       0x4e ./usb/hw_config.o
                0x08004b18                USB_Interrupts_Config
 *fill*         0x08004b66        0x2 
 .text.USB_Cable_Ctrl
                0x08004b68       0x34 ./usb/hw_config.o
                0x08004b68                USB_Cable_Ctrl
 .text.USB_GPIO_Config
                0x08004b9c        0xc ./usb/hw_config.o
                0x08004b9c                USB_GPIO_Config
 .text.USB_EXTI_Config
                0x08004ba8       0x2c ./usb/hw_config.o
                0x08004ba8                USB_EXTI_Config
 .text.USART_Config_Default
                0x08004bd4       0x4c ./usb/hw_config.o
                0x08004bd4                USART_Config_Default
 .text.USART_Config
                0x08004c20       0xd8 ./usb/hw_config.o
                0x08004c20                USART_Config
 .text.USB_To_USART_Send_Data
                0x08004cf8       0x50 ./usb/hw_config.o
                0x08004cf8                USB_To_USART_Send_Data
 .text.Handle_USBAsynchXfer
                0x08004d48       0xe4 ./usb/hw_config.o
                0x08004d48                Handle_USBAsynchXfer
 .text.USART_To_USB_Send_Data
                0x08004e2c       0x70 ./usb/hw_config.o
                0x08004e2c                USART_To_USB_Send_Data
 .text.STM_USART_Init
                0x08004e9c       0x6c ./usb/hw_config.o
                0x08004e9c                STM_USART_Init
 .text.Get_SerialNum
                0x08004f08       0x50 ./usb/hw_config.o
                0x08004f08                Get_SerialNum
 .text.IntToUnicode
                0x08004f58       0x7c ./usb/hw_config.o
 .text.EP1_IN_Callback
                0x08004fd4       0xc4 ./usb/usb_endp.o
                0x08004fd4                EP1_IN_Callback
 .text.EP2_OUT_Callback
                0x08005098       0x80 ./usb/usb_endp.o
                0x08005098                EP2_OUT_Callback
 .text.SOF_Callback
                0x08005118       0x30 ./usb/usb_endp.o
                0x08005118                SOF_Callback
 .text.USB_Istr
                0x08005148       0x94 ./usb/usb_istr.o
                0x08005148                USB_Istr
 .text.Device_Init
                0x080051dc       0x34 ./usb/usb_prop.o
                0x080051dc                Device_Init
 .text.Device_Reset
                0x08005210      0x164 ./usb/usb_prop.o
                0x08005210                Device_Reset
 .text.Device_SetConfiguration
                0x08005374       0x24 ./usb/usb_prop.o
                0x08005374                Device_SetConfiguration
 .text.Device_SetDeviceAddress
                0x08005398       0x18 ./usb/usb_prop.o
                0x08005398                Device_SetDeviceAddress
 .text.Device_Status_In
                0x080053b0       0x20 ./usb/usb_prop.o
                0x080053b0                Device_Status_In
 .text.Device_Status_Out
                0x080053d0        0xc ./usb/usb_prop.o
                0x080053d0                Device_Status_Out
 .text.Device_Data_Setup
                0x080053dc      0x128 ./usb/usb_prop.o
                0x080053dc                Device_Data_Setup
 .text.Device_NoData_Setup
                0x08005504       0x80 ./usb/usb_prop.o
                0x08005504                Device_NoData_Setup
 .text.Device_GetDeviceDescriptor
                0x08005584       0x40 ./usb/usb_prop.o
                0x08005584                Device_GetDeviceDescriptor
 .text.Device_GetConfigDescriptor
                0x080055c4       0x40 ./usb/usb_prop.o
                0x080055c4                Device_GetConfigDescriptor
 .text.Device_GetStringDescriptor
                0x08005604       0x68 ./usb/usb_prop.o
                0x08005604                Device_GetStringDescriptor
 .text.Device_Get_Interface_Setting
                0x0800566c       0x30 ./usb/usb_prop.o
                0x0800566c                Device_Get_Interface_Setting
 .text.Blaster_Get_VendorData
                0x0800569c       0x30 ./usb/usb_prop.o
                0x0800569c                Blaster_Get_VendorData
 .text.CDC_GetLineCoding
                0x080056cc       0x30 ./usb/usb_prop.o
                0x080056cc                CDC_GetLineCoding
 .text.CDC_SetLineCoding
                0x080056fc       0x30 ./usb/usb_prop.o
                0x080056fc                CDC_SetLineCoding
 .text.PowerOn  0x0800572c       0x50 ./usb/usb_pwr.o
                0x0800572c                PowerOn
 *(.glue_7)
 .glue_7        0x0800577c        0x0 linker stubs
 *(.glue_7t)
 .glue_7t       0x0800577c        0x0 linker stubs
 *(.eh_frame)
 .eh_frame      0x0800577c        0x0 C:/Program Files/STM32CubeIDE_1.16.0/STM32CubeIDE/plugins/com.st.stm32cube.ide.mcu.externaltools.gnu-tools-for-stm32.12.3.rel1.win32_1.0.200.202406191623/tools/bin/../lib/gcc/arm-none-eabi/12.3.1/thumb/v7-m/nofp/crtbegin.o
 *(.init)
 .init          0x0800577c        0x4 C:/Program Files/STM32CubeIDE_1.16.0/STM32CubeIDE/plugins/com.st.stm32cube.ide.mcu.externaltools.gnu-tools-for-stm32.12.3.rel1.win32_1.0.200.202406191623/tools/bin/../lib/gcc/arm-none-eabi/12.3.1/thumb/v7-m/nofp/crti.o
                0x0800577c                _init
 .init          0x08005780        0x8 C:/Program Files/STM32CubeIDE_1.16.0/STM32CubeIDE/plugins/com.st.stm32cube.ide.mcu.externaltools.gnu-tools-for-stm32.12.3.rel1.win32_1.0.200.202406191623/tools/bin/../lib/gcc/arm-none-eabi/12.3.1/thumb/v7-m/nofp/crtn.o
 *(.fini)
 .fini          0x08005788        0x4 C:/Program Files/STM32CubeIDE_1.16.0/STM32CubeIDE/plugins/com.st.stm32cube.ide.mcu.externaltools.gnu-tools-for-stm32.12.3.rel1.win32_1.0.200.202406191623/tools/bin/../lib/gcc/arm-none-eabi/12.3.1/thumb/v7-m/nofp/crti.o
                0x08005788                _fini
 .fini          0x0800578c        0x8 C:/Program Files/STM32CubeIDE_1.16.0/STM32CubeIDE/plugins/com.st.stm32cube.ide.mcu.externaltools.gnu-tools-for-stm32.12.3.rel1.win32_1.0.200.202406191623/tools/bin/../lib/gcc/arm-none-eabi/12.3.1/thumb/v7-m/nofp/crtn.o
                0x08005794                        . = ALIGN (0x4)
                0x08005794                        _etext = .

.vfp11_veneer   0x08005794        0x0
 .vfp11_veneer  0x08005794        0x0 linker stubs

.v4_bx          0x08005794        0x0
 .v4_bx         0x08005794        0x0 linker stubs

.iplt           0x08005794        0x0
 .iplt          0x08005794        0x0 C:/Program Files/STM32CubeIDE_1.16.0/STM32CubeIDE/plugins/com.st.stm32cube.ide.mcu.externaltools.gnu-tools-for-stm32.12.3.rel1.win32_1.0.200.202406191623/tools/bin/../lib/gcc/arm-none-eabi/12.3.1/thumb/v7-m/nofp/crtbegin.o

.rodata         0x08005794      0x118
                0x08005794                        . = ALIGN (0x4)
 *(.rodata)
 *(.rodata*)
 .rodata.Blaster_DeviceDescriptor
                0x08005794       0x12 ./usb/usb_desc.o
                0x08005794                Blaster_DeviceDescriptor
 *fill*         0x080057a6        0x2 
 .rodata.Blaster_ConfigDescriptor
                0x080057a8       0x20 ./usb/usb_desc.o
                0x080057a8                Blaster_ConfigDescriptor
 .rodata.CDC_DeviceDescriptor
                0x080057c8       0x12 ./usb/usb_desc.o
                0x080057c8                CDC_DeviceDescriptor
 *fill*         0x080057da        0x2 
 .rodata.CDC_ConfigDescriptor
                0x080057dc       0x43 ./usb/usb_desc.o
                0x080057dc                CDC_ConfigDescriptor
 *fill*         0x0800581f        0x1 
 .rodata.Blaster_StringLangID
                0x08005820        0x4 ./usb/usb_desc.o
                0x08005820                Blaster_StringLangID
 .rodata.Blaster_StringVendor
                0x08005824        0xe ./usb/usb_desc.o
                0x08005824                Blaster_StringVendor
 *fill*         0x08005832        0x2 
 .rodata.Blaster_StringProduct
                0x08005834       0x18 ./usb/usb_desc.o
                0x08005834                Blaster_StringProduct
 .rodata.CDC_StringLangID
                0x0800584c        0x4 ./usb/usb_desc.o
                0x0800584c                CDC_StringLangID
 .rodata.CDC_StringVendor
                0x08005850       0x26 ./usb/usb_desc.o
                0x08005850                CDC_StringVendor
 *fill*         0x08005876        0x2 
 .rodata.CDC_StringProduct
                0x08005878       0x32 ./usb/usb_desc.o
                0x08005878                CDC_StringProduct
                0x080058ac                        . = ALIGN (0x4)
 *fill*         0x080058aa        0x2 

.rel.dyn        0x080058ac        0x0
 .rel.iplt      0x080058ac        0x0 C:/Program Files/STM32CubeIDE_1.16.0/STM32CubeIDE/plugins/com.st.stm32cube.ide.mcu.externaltools.gnu-tools-for-stm32.12.3.rel1.win32_1.0.200.202406191623/tools/bin/../lib/gcc/arm-none-eabi/12.3.1/thumb/v7-m/nofp/crtbegin.o

.ARM.extab      0x080058ac        0x0
                0x080058ac                        . = ALIGN (0x4)
 *(.ARM.extab* .gnu.linkonce.armextab.*)
                0x080058ac                        . = ALIGN (0x4)

.ARM            0x080058ac        0x0
                0x080058ac                        . = ALIGN (0x4)
                0x080058ac                        __exidx_start = .
 *(.ARM.exidx*)
                0x080058ac                        __exidx_end = .
                0x080058ac                        . = ALIGN (0x4)

.preinit_array  0x080058ac        0x0
                0x080058ac                        . = ALIGN (0x4)
                0x080058ac                        PROVIDE (__preinit_array_start = .)
 *(.preinit_array*)
                0x080058ac                        PROVIDE (__preinit_array_end = .)
                0x080058ac                        . = ALIGN (0x4)

.init_array     0x080058ac        0x4
                0x080058ac                        . = ALIGN (0x4)
                0x080058ac                        PROVIDE (__init_array_start = .)
 *(SORT_BY_NAME(.init_array.*))
 *(.init_array*)
 .init_array    0x080058ac        0x4 C:/Program Files/STM32CubeIDE_1.16.0/STM32CubeIDE/plugins/com.st.stm32cube.ide.mcu.externaltools.gnu-tools-for-stm32.12.3.rel1.win32_1.0.200.202406191623/tools/bin/../lib/gcc/arm-none-eabi/12.3.1/thumb/v7-m/nofp/crtbegin.o
                0x080058b0                        PROVIDE (__init_array_end = .)
                0x080058b0                        . = ALIGN (0x4)

.fini_array     0x080058b0        0x4
                0x080058b0                        . = ALIGN (0x4)
                [!provide]                        PROVIDE (__fini_array_start = .)
 *(SORT_BY_NAME(.fini_array.*))
 *(.fini_array*)
 .fini_array    0x080058b0        0x4 C:/Program Files/STM32CubeIDE_1.16.0/STM32CubeIDE/plugins/com.st.stm32cube.ide.mcu.externaltools.gnu-tools-for-stm32.12.3.rel1.win32_1.0.200.202406191623/tools/bin/../lib/gcc/arm-none-eabi/12.3.1/thumb/v7-m/nofp/crtbegin.o
                [!provide]                        PROVIDE (__fini_array_end = .)
                0x080058b4                        . = ALIGN (0x4)
                0x080058b4                        _sidata = LOADADDR (.data)

.data           0x20000000      0x144 load address 0x080058b4
                0x20000000                        . = ALIGN (0x4)
                0x20000000                        _sdata = .
 *(.data)
 *(.data*)
 .data.g_blaster_tx_ready
                0x20000000        0x1 ./src/blaster.o
                0x20000000                g_blaster_tx_ready
 *fill*         0x20000001        0x3 
 .data.APBAHBPrescTable
                0x20000004       0x10 ./stdperiph/src/stm32f10x_rcc.o
 .data.ADCPrescTable
                0x20000014        0x4 ./stdperiph/src/stm32f10x_rcc.o
 .data.SystemCoreClock
                0x20000018        0x4 ./sys/system_stm32f10x.o
                0x20000018                SystemCoreClock
 .data.Blaster_StringSerial
                0x2000001c       0x12 ./usb/usb_desc.o
                0x2000001c                Blaster_StringSerial
 *fill*         0x2000002e        0x2 
 .data.CDC_StringSerial
                0x20000030       0x1a ./usb/usb_desc.o
                0x20000030                CDC_StringSerial
 *fill*         0x2000004a        0x2 
 .data.pEpInt_IN
                0x2000004c       0x1c ./usb/usb_istr.o
                0x2000004c                pEpInt_IN
 .data.pEpInt_OUT
                0x20000068       0x1c ./usb/usb_istr.o
                0x20000068                pEpInt_OUT
 .data.linecoding
                0x20000084        0x8 ./usb/usb_prop.o
                0x20000084                linecoding
 .data.Device_Table
                0x2000008c        0x2 ./usb/usb_prop.o
                0x2000008c                Device_Table
 *fill*         0x2000008e        0x2 
 .data.Device_Property
                0x20000090       0x30 ./usb/usb_prop.o
                0x20000090                Device_Property
 .data.User_Standard_Requests
                0x200000c0       0x24 ./usb/usb_prop.o
                0x200000c0                User_Standard_Requests
 .data.Blaster_Device_Descriptor
                0x200000e4        0x8 ./usb/usb_prop.o
                0x200000e4                Blaster_Device_Descriptor
 .data.Blaster_Config_Descriptor
                0x200000ec        0x8 ./usb/usb_prop.o
                0x200000ec                Blaster_Config_Descriptor
 .data.Blaster_String_Descriptor
                0x200000f4       0x20 ./usb/usb_prop.o
                0x200000f4                Blaster_String_Descriptor
 .data.CDC_Device_Descriptor
                0x20000114        0x8 ./usb/usb_prop.o
                0x20000114                CDC_Device_Descriptor
 .data.CDC_Config_Descriptor
                0x2000011c        0x8 ./usb/usb_prop.o
                0x2000011c                CDC_Config_Descriptor
 .data.CDC_String_Descriptor
                0x20000124       0x20 ./usb/usb_prop.o
                0x20000124                CDC_String_Descriptor
 *(.RamFunc)
 *(.RamFunc*)
                0x20000144                        . = ALIGN (0x4)
                0x20000144                        _edata = .

.igot.plt       0x20000144        0x0 load address 0x080059f8
 .igot.plt      0x20000144        0x0 C:/Program Files/STM32CubeIDE_1.16.0/STM32CubeIDE/plugins/com.st.stm32cube.ide.mcu.externaltools.gnu-tools-for-stm32.12.3.rel1.win32_1.0.200.202406191623/tools/bin/../lib/gcc/arm-none-eabi/12.3.1/thumb/v7-m/nofp/crtbegin.o
                0x20000144                        . = ALIGN (0x4)

.bss            0x20000144      0xa4c load address 0x080059f8
                0x20000144                        _sbss = .
                0x20000144                        __bss_start__ = _sbss
 *(.bss)
 .bss           0x20000144       0x1c C:/Program Files/STM32CubeIDE_1.16.0/STM32CubeIDE/plugins/com.st.stm32cube.ide.mcu.externaltools.gnu-tools-for-stm32.12.3.rel1.win32_1.0.200.202406191623/tools/bin/../lib/gcc/arm-none-eabi/12.3.1/thumb/v7-m/nofp/crtbegin.o
 *(.bss*)
 .bss.s_us_ticks
                0x20000160        0x4 ./drv/timebase.o
 .bss.s_ms_ticks
                0x20000164        0x4 ./drv/timebase.o
 .bss.s_system_up_ms
                0x20000168        0x4 ./drv/timebase.o
 .bss.StatusInfo
                0x2000016c        0x2 ./fsusb/src/usb_core.o
                0x2000016c                StatusInfo
 .bss.Data_Mul_MaxPacketSize
                0x2000016e        0x1 ./fsusb/src/usb_core.o
                0x2000016e                Data_Mul_MaxPacketSize
 .bss.EPindex   0x2000016f        0x1 ./fsusb/src/usb_init.o
                0x2000016f                EPindex
 .bss.pInformation
                0x20000170        0x4 ./fsusb/src/usb_init.o
                0x20000170                pInformation
 .bss.pProperty
                0x20000174        0x4 ./fsusb/src/usb_init.o
                0x20000174                pProperty
 .bss.wInterrupt_Mask
                0x20000178        0x2 ./fsusb/src/usb_init.o
                0x20000178                wInterrupt_Mask
 *fill*         0x2000017a        0x2 
 .bss.Device_Info
                0x2000017c       0x1c ./fsusb/src/usb_init.o
                0x2000017c                Device_Info
 .bss.pUser_Standard_Requests
                0x20000198        0x4 ./fsusb/src/usb_init.o
                0x20000198                pUser_Standard_Requests
 .bss.SaveRState
                0x2000019c        0x2 ./fsusb/src/usb_int.o
                0x2000019c                SaveRState
 .bss.SaveTState
                0x2000019e        0x2 ./fsusb/src/usb_int.o
                0x2000019e                SaveTState
 .bss.g_blaster_rx_req
                0x200001a0        0x1 ./src/blaster.o
                0x200001a0                g_blaster_rx_req
 *fill*         0x200001a1        0x3 
 .bss.s_recv_buffer
                0x200001a4       0x40 ./src/blaster.o
 .bss.s_recv_buff_len
                0x200001e4        0x4 ./src/blaster.o
 .bss.s_recv_buff_idx
                0x200001e8        0x4 ./src/blaster.o
 .bss.s_send_buffer
                0x200001ec       0x40 ./src/blaster.o
 .bss.s_send_packet_buff
                0x2000022c       0x40 ./src/blaster.o
 .bss.s_send_ring_buff
                0x2000026c       0x10 ./src/blaster.o
 .bss.s_blaster_shift_cnt
                0x2000027c        0x4 ./src/blaster.o
 .bss.s_blaster_shift_en
                0x20000280        0x1 ./src/blaster.o
 .bss.s_blaster_read_en
                0x20000281        0x1 ./src/blaster.o
 *fill*         0x20000282        0x2 
 .bss.s_blaster_sendtime
                0x20000284        0x4 ./src/blaster.o
 .bss.s_blaster_senddummy
                0x20000288        0x1 ./src/blaster.o
 *fill*         0x20000289        0x3 
 .bss.s_ft245rom_buf
                0x2000028c       0x80 ./src/ft245rom.o
 .bss.GPIO_InitStructure
                0x2000030c        0x4 ./src/main.o
                0x2000030c                GPIO_InitStructure
 .bss.SetupPin  0x20000310        0x1 ./src/main.o
                0x20000310                SetupPin
 *fill*         0x20000311        0x3 
 .bss.LED_counter
                0x20000314        0x4 ./src/main.o
                0x20000314                LED_counter
 .bss.ADCValue1
                0x20000318        0x4 ./src/main.o
                0x20000318                ADCValue1
 .bss.ADCValue2
                0x2000031c        0x4 ./src/main.o
                0x2000031c                ADCValue2
 .bss.USART_InitStructure
                0x20000320       0x10 ./usb/hw_config.o
                0x20000320                USART_InitStructure
 .bss.USART_Rx_Buffer
                0x20000330      0x800 ./usb/hw_config.o
                0x20000330                USART_Rx_Buffer
 .bss.USART_Rx_ptr_in
                0x20000b30        0x4 ./usb/hw_config.o
                0x20000b30                USART_Rx_ptr_in
 .bss.USART_Rx_ptr_out
                0x20000b34        0x4 ./usb/hw_config.o
                0x20000b34                USART_Rx_ptr_out
 .bss.USART_Rx_length
                0x20000b38        0x4 ./usb/hw_config.o
                0x20000b38                USART_Rx_length
 .bss.USB_Tx_State
                0x20000b3c        0x1 ./usb/hw_config.o
                0x20000b3c                USB_Tx_State
 *fill*         0x20000b3d        0x3 
 .bss.USB_Rx_Buffer
                0x20000b40       0x40 ./usb/usb_endp.o
                0x20000b40                USB_Rx_Buffer
 .bss.FrameCount.0
                0x20000b80        0x4 ./usb/usb_endp.o
 .bss.wIstr     0x20000b84        0x2 ./usb/usb_istr.o
                0x20000b84                wIstr
 .bss.bIntPackSOF
                0x20000b86        0x1 ./usb/usb_istr.o
                0x20000b86                bIntPackSOF
 .bss.Request   0x20000b87        0x1 ./usb/usb_prop.o
                0x20000b87                Request
 .bss.s_Report_Buf
                0x20000b88        0x2 ./usb/usb_prop.o
 *fill*         0x20000b8a        0x2 
 .bss.bDeviceState
                0x20000b8c        0x4 ./usb/usb_pwr.o
                0x20000b8c                bDeviceState
 *(COMMON)
                0x20000b90                        . = ALIGN (0x4)
                0x20000b90                        _ebss = .
                0x20000b90                        __bss_end__ = _ebss

._user_heap_stack
                0x20000b90      0x600 load address 0x080059f8
                0x20000b90                        . = ALIGN (0x8)
                0x20000b90                        PROVIDE (end = .)
                [!provide]                        PROVIDE (_end = .)
                0x20000d90                        . = (. + _Min_Heap_Size)
 *fill*         0x20000b90      0x200 
                0x20001190                        . = (. + _Min_Stack_Size)
 *fill*         0x20000d90      0x400 
                0x20001190                        . = ALIGN (0x8)

/DISCARD/
 libc.a(*)
 libm.a(*)
 libgcc.a(*)

.ARM.attributes
                0x00000000       0x29
 *(.ARM.attributes)
 .ARM.attributes
                0x00000000       0x1d C:/Program Files/STM32CubeIDE_1.16.0/STM32CubeIDE/plugins/com.st.stm32cube.ide.mcu.externaltools.gnu-tools-for-stm32.12.3.rel1.win32_1.0.200.202406191623/tools/bin/../lib/gcc/arm-none-eabi/12.3.1/thumb/v7-m/nofp/crti.o
 .ARM.attributes
                0x0000001d       0x2d C:/Program Files/STM32CubeIDE_1.16.0/STM32CubeIDE/plugins/com.st.stm32cube.ide.mcu.externaltools.gnu-tools-for-stm32.12.3.rel1.win32_1.0.200.202406191623/tools/bin/../lib/gcc/arm-none-eabi/12.3.1/thumb/v7-m/nofp/crtbegin.o
 .ARM.attributes
                0x0000004a       0x2d ./drv/adc.o
 .ARM.attributes
                0x00000077       0x2d ./drv/led.o
 .ARM.attributes
                0x000000a4       0x2d ./drv/timebase.o
 .ARM.attributes
                0x000000d1       0x2d ./fsusb/src/usb_core.o
 .ARM.attributes
                0x000000fe       0x2d ./fsusb/src/usb_init.o
 .ARM.attributes
                0x0000012b       0x2d ./fsusb/src/usb_int.o
 .ARM.attributes
                0x00000158       0x2d ./fsusb/src/usb_mem.o
 .ARM.attributes
                0x00000185       0x2d ./fsusb/src/usb_regs.o
 .ARM.attributes
                0x000001b2       0x2d ./fsusb/src/usb_sil.o
 .ARM.attributes
                0x000001df       0x2d ./src/blaster.o
 .ARM.attributes
                0x0000020c       0x2d ./src/blaster_port.o
 .ARM.attributes
                0x00000239       0x2d ./src/ft245rom.o
 .ARM.attributes
                0x00000266       0x2d ./src/main.o
 .ARM.attributes
                0x00000293       0x2d ./src/memop.o
 .ARM.attributes
                0x000002c0       0x2d ./src/ringbuf.o
 .ARM.attributes
                0x000002ed       0x2d ./stdperiph/src/misc.o
 .ARM.attributes
                0x0000031a       0x2d ./stdperiph/src/stm32f10x_adc.o
 .ARM.attributes
                0x00000347       0x2d ./stdperiph/src/stm32f10x_exti.o
 .ARM.attributes
                0x00000374       0x2d ./stdperiph/src/stm32f10x_gpio.o
 .ARM.attributes
                0x000003a1       0x2d ./stdperiph/src/stm32f10x_rcc.o
 .ARM.attributes
                0x000003ce       0x2d ./stdperiph/src/stm32f10x_usart.o
 .ARM.attributes
                0x000003fb       0x21 ./sys/startup_stm32f10x_md.o
 .ARM.attributes
                0x0000041c       0x2d ./sys/stm32_it.o
 .ARM.attributes
                0x00000449       0x2d ./sys/system_stm32f10x.o
 .ARM.attributes
                0x00000476       0x2d ./usb/hw_config.o
 .ARM.attributes
                0x000004a3       0x2d ./usb/usb_desc.o
 .ARM.attributes
                0x000004d0       0x2d ./usb/usb_endp.o
 .ARM.attributes
                0x000004fd       0x2d ./usb/usb_istr.o
 .ARM.attributes
                0x0000052a       0x2d ./usb/usb_prop.o
 .ARM.attributes
                0x00000557       0x2d ./usb/usb_pwr.o
 .ARM.attributes
                0x00000584       0x1d C:/Program Files/STM32CubeIDE_1.16.0/STM32CubeIDE/plugins/com.st.stm32cube.ide.mcu.externaltools.gnu-tools-for-stm32.12.3.rel1.win32_1.0.200.202406191623/tools/bin/../lib/gcc/arm-none-eabi/12.3.1/thumb/v7-m/nofp\libgcc.a(_arm_addsubdf3.o)
 .ARM.attributes
                0x000005a1       0x1d C:/Program Files/STM32CubeIDE_1.16.0/STM32CubeIDE/plugins/com.st.stm32cube.ide.mcu.externaltools.gnu-tools-for-stm32.12.3.rel1.win32_1.0.200.202406191623/tools/bin/../lib/gcc/arm-none-eabi/12.3.1/thumb/v7-m/nofp\libgcc.a(_arm_muldivdf3.o)
 .ARM.attributes
                0x000005be       0x1d C:/Program Files/STM32CubeIDE_1.16.0/STM32CubeIDE/plugins/com.st.stm32cube.ide.mcu.externaltools.gnu-tools-for-stm32.12.3.rel1.win32_1.0.200.202406191623/tools/bin/../lib/gcc/arm-none-eabi/12.3.1/thumb/v7-m/nofp\libgcc.a(_arm_cmpdf2.o)
 .ARM.attributes
                0x000005db       0x1d C:/Program Files/STM32CubeIDE_1.16.0/STM32CubeIDE/plugins/com.st.stm32cube.ide.mcu.externaltools.gnu-tools-for-stm32.12.3.rel1.win32_1.0.200.202406191623/tools/bin/../lib/gcc/arm-none-eabi/12.3.1/thumb/v7-m/nofp\libgcc.a(_arm_truncdfsf2.o)
 .ARM.attributes
                0x000005f8       0x1d C:/Program Files/STM32CubeIDE_1.16.0/STM32CubeIDE/plugins/com.st.stm32cube.ide.mcu.externaltools.gnu-tools-for-stm32.12.3.rel1.win32_1.0.200.202406191623/tools/bin/../lib/gcc/arm-none-eabi/12.3.1/thumb/v7-m/nofp/crtn.o
OUTPUT(blasterBluePill.elf elf32-littlearm)
LOAD linker stubs
LOAD C:/Program Files/STM32CubeIDE_1.16.0/STM32CubeIDE/plugins/com.st.stm32cube.ide.mcu.externaltools.gnu-tools-for-stm32.12.3.rel1.win32_1.0.200.202406191623/tools/bin/../lib/gcc/arm-none-eabi/12.3.1/../../../../arm-none-eabi/lib/thumb/v7-m/nofp\libc.a
LOAD C:/Program Files/STM32CubeIDE_1.16.0/STM32CubeIDE/plugins/com.st.stm32cube.ide.mcu.externaltools.gnu-tools-for-stm32.12.3.rel1.win32_1.0.200.202406191623/tools/bin/../lib/gcc/arm-none-eabi/12.3.1/../../../../arm-none-eabi/lib/thumb/v7-m/nofp\libm.a
LOAD C:/Program Files/STM32CubeIDE_1.16.0/STM32CubeIDE/plugins/com.st.stm32cube.ide.mcu.externaltools.gnu-tools-for-stm32.12.3.rel1.win32_1.0.200.202406191623/tools/bin/../lib/gcc/arm-none-eabi/12.3.1/thumb/v7-m/nofp\libgcc.a

.debug_info     0x00000000     0x9eee
 .debug_info    0x00000000      0x4d1 ./drv/adc.o
 .debug_info    0x000004d1      0x2df ./drv/led.o
 .debug_info    0x000007b0      0x65a ./drv/timebase.o
 .debug_info    0x00000e0a      0xc23 ./fsusb/src/usb_core.o
 .debug_info    0x00001a2d      0x46a ./fsusb/src/usb_init.o
 .debug_info    0x00001e97      0x201 ./fsusb/src/usb_int.o
 .debug_info    0x00002098      0x1aa ./fsusb/src/usb_mem.o
 .debug_info    0x00002242      0xc3b ./fsusb/src/usb_regs.o
 .debug_info    0x00002e7d      0x1f3 ./fsusb/src/usb_sil.o
 .debug_info    0x00003070      0x45f ./src/blaster.o
 .debug_info    0x000034cf      0x301 ./src/blaster_port.o
 .debug_info    0x000037d0      0x245 ./src/ft245rom.o
 .debug_info    0x00003a15      0x56a ./src/main.o
 .debug_info    0x00003f7f      0x137 ./src/memop.o
 .debug_info    0x000040b6      0x2d4 ./src/ringbuf.o
 .debug_info    0x0000438a      0x4fa ./stdperiph/src/misc.o
 .debug_info    0x00004884      0xb42 ./stdperiph/src/stm32f10x_adc.o
 .debug_info    0x000053c6      0x322 ./stdperiph/src/stm32f10x_exti.o
 .debug_info    0x000056e8      0x6da ./stdperiph/src/stm32f10x_gpio.o
 .debug_info    0x00005dc2      0x858 ./stdperiph/src/stm32f10x_rcc.o
 .debug_info    0x0000661a      0x9f1 ./stdperiph/src/stm32f10x_usart.o
 .debug_info    0x0000700b       0x30 ./sys/startup_stm32f10x_md.o
 .debug_info    0x0000703b      0x2e9 ./sys/stm32_it.o
 .debug_info    0x00007324      0x489 ./sys/system_stm32f10x.o
 .debug_info    0x000077ad      0xc7b ./usb/hw_config.o
 .debug_info    0x00008428      0x270 ./usb/usb_desc.o
 .debug_info    0x00008698      0x495 ./usb/usb_endp.o
 .debug_info    0x00008b2d      0x2ef ./usb/usb_istr.o
 .debug_info    0x00008e1c      0xb7f ./usb/usb_prop.o
 .debug_info    0x0000999b      0x553 ./usb/usb_pwr.o

.debug_abbrev   0x00000000     0x2f31
 .debug_abbrev  0x00000000      0x182 ./drv/adc.o
 .debug_abbrev  0x00000182      0x185 ./drv/led.o
 .debug_abbrev  0x00000307      0x21b ./drv/timebase.o
 .debug_abbrev  0x00000522      0x347 ./fsusb/src/usb_core.o
 .debug_abbrev  0x00000869      0x127 ./fsusb/src/usb_init.o
 .debug_abbrev  0x00000990      0x10d ./fsusb/src/usb_int.o
 .debug_abbrev  0x00000a9d       0x99 ./fsusb/src/usb_mem.o
 .debug_abbrev  0x00000b36      0x1a1 ./fsusb/src/usb_regs.o
 .debug_abbrev  0x00000cd7      0x100 ./fsusb/src/usb_sil.o
 .debug_abbrev  0x00000dd7      0x1e2 ./src/blaster.o
 .debug_abbrev  0x00000fb9      0x18e ./src/blaster_port.o
 .debug_abbrev  0x00001147       0xf6 ./src/ft245rom.o
 .debug_abbrev  0x0000123d      0x1d3 ./src/main.o
 .debug_abbrev  0x00001410       0xae ./src/memop.o
 .debug_abbrev  0x000014be      0x14d ./src/ringbuf.o
 .debug_abbrev  0x0000160b      0x17f ./stdperiph/src/misc.o
 .debug_abbrev  0x0000178a      0x1dc ./stdperiph/src/stm32f10x_adc.o
 .debug_abbrev  0x00001966      0x17a ./stdperiph/src/stm32f10x_exti.o
 .debug_abbrev  0x00001ae0      0x217 ./stdperiph/src/stm32f10x_gpio.o
 .debug_abbrev  0x00001cf7      0x1e3 ./stdperiph/src/stm32f10x_rcc.o
 .debug_abbrev  0x00001eda      0x1bf ./stdperiph/src/stm32f10x_usart.o
 .debug_abbrev  0x00002099       0x24 ./sys/startup_stm32f10x_md.o
 .debug_abbrev  0x000020bd      0x131 ./sys/stm32_it.o
 .debug_abbrev  0x000021ee      0x180 ./sys/system_stm32f10x.o
 .debug_abbrev  0x0000236e      0x33a ./usb/hw_config.o
 .debug_abbrev  0x000026a8       0x84 ./usb/usb_desc.o
 .debug_abbrev  0x0000272c      0x1cf ./usb/usb_endp.o
 .debug_abbrev  0x000028fb      0x146 ./usb/usb_istr.o
 .debug_abbrev  0x00002a41      0x280 ./usb/usb_prop.o
 .debug_abbrev  0x00002cc1      0x270 ./usb/usb_pwr.o

.debug_aranges  0x00000000      0xc98
 .debug_aranges
                0x00000000       0x28 ./drv/adc.o
 .debug_aranges
                0x00000028       0x38 ./drv/led.o
 .debug_aranges
                0x00000060       0x60 ./drv/timebase.o
 .debug_aranges
                0x000000c0       0xb0 ./fsusb/src/usb_core.o
 .debug_aranges
                0x00000170       0x20 ./fsusb/src/usb_init.o
 .debug_aranges
                0x00000190       0x28 ./fsusb/src/usb_int.o
 .debug_aranges
                0x000001b8       0x28 ./fsusb/src/usb_mem.o
 .debug_aranges
                0x000001e0      0x1f0 ./fsusb/src/usb_regs.o
 .debug_aranges
                0x000003d0       0x30 ./fsusb/src/usb_sil.o
 .debug_aranges
                0x00000400       0x40 ./src/blaster.o
 .debug_aranges
                0x00000440       0x40 ./src/blaster_port.o
 .debug_aranges
                0x00000480       0x30 ./src/ft245rom.o
 .debug_aranges
                0x000004b0       0x40 ./src/main.o
 .debug_aranges
                0x000004f0       0x28 ./src/memop.o
 .debug_aranges
                0x00000518       0x48 ./src/ringbuf.o
 .debug_aranges
                0x00000560       0x40 ./stdperiph/src/misc.o
 .debug_aranges
                0x000005a0      0x138 ./stdperiph/src/stm32f10x_adc.o
 .debug_aranges
                0x000006d8       0x58 ./stdperiph/src/stm32f10x_exti.o
 .debug_aranges
                0x00000730       0xa8 ./stdperiph/src/stm32f10x_gpio.o
 .debug_aranges
                0x000007d8      0x118 ./stdperiph/src/stm32f10x_rcc.o
 .debug_aranges
                0x000008f0      0x100 ./stdperiph/src/stm32f10x_usart.o
 .debug_aranges
                0x000009f0       0x28 ./sys/startup_stm32f10x_md.o
 .debug_aranges
                0x00000a18       0x78 ./sys/stm32_it.o
 .debug_aranges
                0x00000a90       0x38 ./sys/system_stm32f10x.o
 .debug_aranges
                0x00000ac8       0x98 ./usb/hw_config.o
 .debug_aranges
                0x00000b60       0x18 ./usb/usb_desc.o
 .debug_aranges
                0x00000b78       0x30 ./usb/usb_endp.o
 .debug_aranges
                0x00000ba8       0x20 ./usb/usb_istr.o
 .debug_aranges
                0x00000bc8       0x90 ./usb/usb_prop.o
 .debug_aranges
                0x00000c58       0x40 ./usb/usb_pwr.o

.debug_rnglists
                0x00000000      0x971
 .debug_rnglists
                0x00000000       0x1a ./drv/adc.o
 .debug_rnglists
                0x0000001a       0x25 ./drv/led.o
 .debug_rnglists
                0x0000003f       0x43 ./drv/timebase.o
 .debug_rnglists
                0x00000082       0x89 ./fsusb/src/usb_core.o
 .debug_rnglists
                0x0000010b       0x13 ./fsusb/src/usb_init.o
 .debug_rnglists
                0x0000011e       0x1b ./fsusb/src/usb_int.o
 .debug_rnglists
                0x00000139       0x19 ./fsusb/src/usb_mem.o
 .debug_rnglists
                0x00000152      0x1e0 ./fsusb/src/usb_regs.o
 .debug_rnglists
                0x00000332       0x1f ./fsusb/src/usb_sil.o
 .debug_rnglists
                0x00000351       0x2f ./src/blaster.o
 .debug_rnglists
                0x00000380       0x2d ./src/blaster_port.o
 .debug_rnglists
                0x000003ad       0x20 ./src/ft245rom.o
 .debug_rnglists
                0x000003cd       0x2c ./src/main.o
 .debug_rnglists
                0x000003f9       0x19 ./src/memop.o
 .debug_rnglists
                0x00000412       0x33 ./src/ringbuf.o
 .debug_rnglists
                0x00000445       0x2c ./stdperiph/src/misc.o
 .debug_rnglists
                0x00000471       0xe8 ./stdperiph/src/stm32f10x_adc.o
 .debug_rnglists
                0x00000559       0x3e ./stdperiph/src/stm32f10x_exti.o
 .debug_rnglists
                0x00000597       0x7d ./stdperiph/src/stm32f10x_gpio.o
 .debug_rnglists
                0x00000614       0xce ./stdperiph/src/stm32f10x_rcc.o
 .debug_rnglists
                0x000006e2       0xbf ./stdperiph/src/stm32f10x_usart.o
 .debug_rnglists
                0x000007a1       0x19 ./sys/startup_stm32f10x_md.o
 .debug_rnglists
                0x000007ba       0x55 ./sys/stm32_it.o
 .debug_rnglists
                0x0000080f       0x27 ./sys/system_stm32f10x.o
 .debug_rnglists
                0x00000836       0x6f ./usb/hw_config.o
 .debug_rnglists
                0x000008a5       0x21 ./usb/usb_endp.o
 .debug_rnglists
                0x000008c6       0x14 ./usb/usb_istr.o
 .debug_rnglists
                0x000008da       0x6a ./usb/usb_prop.o
 .debug_rnglists
                0x00000944       0x2d ./usb/usb_pwr.o

.debug_macro    0x00000000    0x11527
 .debug_macro   0x00000000       0xe5 ./drv/adc.o
 .debug_macro   0x000000e5      0xaa8 ./drv/adc.o
 .debug_macro   0x00000b8d       0x63 ./drv/adc.o
 .debug_macro   0x00000bf0       0x3a ./drv/adc.o
 .debug_macro   0x00000c2a       0x22 ./drv/adc.o
 .debug_macro   0x00000c4c       0x8e ./drv/adc.o
 .debug_macro   0x00000cda       0x51 ./drv/adc.o
 .debug_macro   0x00000d2b      0x103 ./drv/adc.o
 .debug_macro   0x00000e2e       0x6a ./drv/adc.o
 .debug_macro   0x00000e98      0x1df ./drv/adc.o
 .debug_macro   0x00001077       0x18 ./drv/adc.o
 .debug_macro   0x0000108f      0xa8b ./drv/adc.o
 .debug_macro   0x00001b1a     0x7ee4 ./drv/adc.o
 .debug_macro   0x000099fe      0x3e2 ./drv/adc.o
 .debug_macro   0x00009de0      0x2ad ./drv/adc.o
 .debug_macro   0x0000a08d      0x2ea ./drv/adc.o
 .debug_macro   0x0000a377      0x189 ./drv/adc.o
 .debug_macro   0x0000a500       0x34 ./drv/adc.o
 .debug_macro   0x0000a534       0xea ./drv/led.o
 .debug_macro   0x0000a61e       0x40 ./drv/led.o
 .debug_macro   0x0000a65e       0xeb ./drv/timebase.o
 .debug_macro   0x0000a749      0x190 ./fsusb/src/usb_core.o
 .debug_macro   0x0000a8d9       0xac ./fsusb/src/usb_core.o
 .debug_macro   0x0000a985      0x229 ./fsusb/src/usb_core.o
 .debug_macro   0x0000abae       0x22 ./fsusb/src/usb_core.o
 .debug_macro   0x0000abd0       0x64 ./fsusb/src/usb_core.o
 .debug_macro   0x0000ac34      0x45a ./fsusb/src/usb_core.o
 .debug_macro   0x0000b08e       0x28 ./fsusb/src/usb_core.o
 .debug_macro   0x0000b0b6       0x5e ./fsusb/src/usb_core.o
 .debug_macro   0x0000b114      0x154 ./fsusb/src/usb_init.o
 .debug_macro   0x0000b268      0x154 ./fsusb/src/usb_int.o
 .debug_macro   0x0000b3bc      0x154 ./fsusb/src/usb_mem.o
 .debug_macro   0x0000b510      0x154 ./fsusb/src/usb_regs.o
 .debug_macro   0x0000b664      0x154 ./fsusb/src/usb_sil.o
 .debug_macro   0x0000b7b8      0x1bc ./src/blaster.o
 .debug_macro   0x0000b974       0xd6 ./src/blaster.o
 .debug_macro   0x0000ba4a       0x58 ./src/blaster.o
 .debug_macro   0x0000baa2      0x13f ./src/blaster_port.o
 .debug_macro   0x0000bbe1       0xdc ./src/blaster_port.o
 .debug_macro   0x0000bcbd       0xf3 ./src/ft245rom.o
 .debug_macro   0x0000bdb0       0x7c ./src/ft245rom.o
 .debug_macro   0x0000be2c       0x16 ./src/ft245rom.o
 .debug_macro   0x0000be42      0x278 ./src/main.o
 .debug_macro   0x0000c0ba       0x5b ./src/main.o
 .debug_macro   0x0000c115       0x24 ./src/main.o
 .debug_macro   0x0000c139       0x94 ./src/main.o
 .debug_macro   0x0000c1cd       0x43 ./src/main.o
 .debug_macro   0x0000c210       0x34 ./src/main.o
 .debug_macro   0x0000c244       0x16 ./src/main.o
 .debug_macro   0x0000c25a       0x57 ./src/main.o
 .debug_macro   0x0000c2b1       0x9e ./src/main.o
 .debug_macro   0x0000c34f      0x369 ./src/main.o
 .debug_macro   0x0000c6b8      0x10b ./src/main.o
 .debug_macro   0x0000c7c3       0x10 ./src/main.o
 .debug_macro   0x0000c7d3       0x16 ./src/main.o
 .debug_macro   0x0000c7e9       0x43 ./src/main.o
 .debug_macro   0x0000c82c       0x34 ./src/main.o
 .debug_macro   0x0000c860       0x10 ./src/main.o
 .debug_macro   0x0000c870       0x58 ./src/main.o
 .debug_macro   0x0000c8c8       0x8e ./src/main.o
 .debug_macro   0x0000c956       0x1c ./src/main.o
 .debug_macro   0x0000c972      0x177 ./src/main.o
 .debug_macro   0x0000cae9       0x16 ./src/main.o
 .debug_macro   0x0000caff       0x16 ./src/main.o
 .debug_macro   0x0000cb15      0x146 ./src/main.o
 .debug_macro   0x0000cc5b       0x1a ./src/memop.o
 .debug_macro   0x0000cc75      0x1bf ./src/ringbuf.o
 .debug_macro   0x0000ce34       0x61 ./src/ringbuf.o
 .debug_macro   0x0000ce95       0x10 ./src/ringbuf.o
 .debug_macro   0x0000cea5       0x35 ./src/ringbuf.o
 .debug_macro   0x0000ceda       0x20 ./src/ringbuf.o
 .debug_macro   0x0000cefa      0x181 ./stdperiph/src/misc.o
 .debug_macro   0x0000d07b       0x86 ./stdperiph/src/misc.o
 .debug_macro   0x0000d101      0x14a ./stdperiph/src/misc.o
 .debug_macro   0x0000d24b      0x3cf ./stdperiph/src/misc.o
 .debug_macro   0x0000d61a      0x17b ./stdperiph/src/misc.o
 .debug_macro   0x0000d795       0xac ./stdperiph/src/misc.o
 .debug_macro   0x0000d841      0x3b0 ./stdperiph/src/misc.o
 .debug_macro   0x0000dbf1       0x9d ./stdperiph/src/misc.o
 .debug_macro   0x0000dc8e      0x2d5 ./stdperiph/src/misc.o
 .debug_macro   0x0000df63      0x279 ./stdperiph/src/misc.o
 .debug_macro   0x0000e1dc      0x2b4 ./stdperiph/src/misc.o
 .debug_macro   0x0000e490       0x64 ./stdperiph/src/misc.o
 .debug_macro   0x0000e4f4       0x82 ./stdperiph/src/misc.o
 .debug_macro   0x0000e576       0x58 ./stdperiph/src/misc.o
 .debug_macro   0x0000e5ce      0x344 ./stdperiph/src/misc.o
 .debug_macro   0x0000e912      0x2c4 ./stdperiph/src/misc.o
 .debug_macro   0x0000ebd6      0x711 ./stdperiph/src/misc.o
 .debug_macro   0x0000f2e7       0x34 ./stdperiph/src/misc.o
 .debug_macro   0x0000f31b      0x1bb ./stdperiph/src/stm32f10x_adc.o
 .debug_macro   0x0000f4d6      0x2e4 ./stdperiph/src/stm32f10x_adc.o
 .debug_macro   0x0000f7ba      0x181 ./stdperiph/src/stm32f10x_exti.o
 .debug_macro   0x0000f93b       0x97 ./stdperiph/src/stm32f10x_exti.o
 .debug_macro   0x0000f9d2       0x8c ./stdperiph/src/stm32f10x_exti.o
 .debug_macro   0x0000fa5e      0x1c9 ./stdperiph/src/stm32f10x_gpio.o
 .debug_macro   0x0000fc27      0x2a7 ./stdperiph/src/stm32f10x_gpio.o
 .debug_macro   0x0000fece      0x29b ./stdperiph/src/stm32f10x_rcc.o
 .debug_macro   0x00010169      0x3dc ./stdperiph/src/stm32f10x_rcc.o
 .debug_macro   0x00010545      0x170 ./stdperiph/src/stm32f10x_usart.o
 .debug_macro   0x000106b5      0x223 ./stdperiph/src/stm32f10x_usart.o
 .debug_macro   0x000108d8      0x1ae ./sys/stm32_it.o
 .debug_macro   0x00010a86       0xa6 ./sys/stm32_it.o
 .debug_macro   0x00010b2c       0xab ./sys/system_stm32f10x.o
 .debug_macro   0x00010bd7      0x1a6 ./usb/hw_config.o
 .debug_macro   0x00010d7d      0x15d ./usb/usb_desc.o
 .debug_macro   0x00010eda      0x1aa ./usb/usb_endp.o
 .debug_macro   0x00011084      0x179 ./usb/usb_istr.o
 .debug_macro   0x000111fd      0x1a7 ./usb/usb_prop.o
 .debug_macro   0x000113a4       0x10 ./usb/usb_prop.o
 .debug_macro   0x000113b4      0x173 ./usb/usb_pwr.o

.debug_line     0x00000000    0x10eff
 .debug_line    0x00000000      0x62d ./drv/adc.o
 .debug_line    0x0000062d      0x697 ./drv/led.o
 .debug_line    0x00000cc4      0x749 ./drv/timebase.o
 .debug_line    0x0000140d     0x1073 ./fsusb/src/usb_core.o
 .debug_line    0x00002480      0x796 ./fsusb/src/usb_init.o
 .debug_line    0x00002c16      0x8e7 ./fsusb/src/usb_int.o
 .debug_line    0x000034fd      0x843 ./fsusb/src/usb_mem.o
 .debug_line    0x00003d40      0xefe ./fsusb/src/usb_regs.o
 .debug_line    0x00004c3e      0x7cb ./fsusb/src/usb_sil.o
 .debug_line    0x00005409      0x92a ./src/blaster.o
 .debug_line    0x00005d33      0x6f4 ./src/blaster_port.o
 .debug_line    0x00006427      0x8dc ./src/ft245rom.o
 .debug_line    0x00006d03      0xc0c ./src/main.o
 .debug_line    0x0000790f      0x191 ./src/memop.o
 .debug_line    0x00007aa0      0x9db ./src/ringbuf.o
 .debug_line    0x0000847b      0x88e ./stdperiph/src/misc.o
 .debug_line    0x00008d09      0xc4f ./stdperiph/src/stm32f10x_adc.o
 .debug_line    0x00009958      0x93f ./stdperiph/src/stm32f10x_exti.o
 .debug_line    0x0000a297      0xb79 ./stdperiph/src/stm32f10x_gpio.o
 .debug_line    0x0000ae10      0xd49 ./stdperiph/src/stm32f10x_rcc.o
 .debug_line    0x0000bb59      0xb21 ./stdperiph/src/stm32f10x_usart.o
 .debug_line    0x0000c67a       0x75 ./sys/startup_stm32f10x_md.o
 .debug_line    0x0000c6ef      0x8e2 ./sys/stm32_it.o
 .debug_line    0x0000cfd1      0x6d0 ./sys/system_stm32f10x.o
 .debug_line    0x0000d6a1      0xb9a ./usb/hw_config.o
 .debug_line    0x0000e23b      0x774 ./usb/usb_desc.o
 .debug_line    0x0000e9af      0x887 ./usb/usb_endp.o
 .debug_line    0x0000f236      0x7ee ./usb/usb_istr.o
 .debug_line    0x0000fa24      0xb42 ./usb/usb_prop.o
 .debug_line    0x00010566      0x999 ./usb/usb_pwr.o

.debug_str      0x00000000    0x5a1de
 .debug_str     0x00000000    0x39e7e ./drv/adc.o
                              0x3a084 (size before relaxing)
 .debug_str     0x00039e7e      0x140 ./drv/led.o
                              0x3a005 (size before relaxing)
 .debug_str     0x00039fbe      0x446 ./drv/timebase.o
                              0x3a1b7 (size before relaxing)
 .debug_str     0x0003a404     0x4349 ./fsusb/src/usb_core.o
                              0x3de1d (size before relaxing)
 .debug_str     0x0003e74d       0x4f ./fsusb/src/usb_init.o
                              0x3d6c7 (size before relaxing)
 .debug_str     0x0003e79c       0x47 ./fsusb/src/usb_int.o
                              0x3d3ae (size before relaxing)
 .debug_str     0x0003e7e3       0x47 ./fsusb/src/usb_mem.o
                              0x3d387 (size before relaxing)
 .debug_str     0x0003e82a      0x378 ./fsusb/src/usb_regs.o
                              0x3d70f (size before relaxing)
 .debug_str     0x0003eba2       0x6d ./fsusb/src/usb_sil.o
                              0x3d3ef (size before relaxing)
 .debug_str     0x0003ec0f      0x825 ./src/blaster.o
                              0x3dfef (size before relaxing)
 .debug_str     0x0003f434      0x73c ./src/blaster_port.o
                              0x3a7bf (size before relaxing)
 .debug_str     0x0003fb70      0x31e ./src/ft245rom.o
                              0x3a076 (size before relaxing)
 .debug_str     0x0003fe8e     0x3848 ./src/main.o
                              0x4186c (size before relaxing)
 .debug_str     0x000436d6       0x22 ./src/memop.o
                               0x3154 (size before relaxing)
 .debug_str     0x000436f8       0xd7 ./src/ringbuf.o
                              0x3cf91 (size before relaxing)
 .debug_str     0x000437cf    0x13e52 ./stdperiph/src/misc.o
                              0x4eca3 (size before relaxing)
 .debug_str     0x00057621      0x9de ./stdperiph/src/stm32f10x_adc.o
                              0x38857 (size before relaxing)
 .debug_str     0x00057fff      0x1c7 ./stdperiph/src/stm32f10x_exti.o
                              0x4ec26 (size before relaxing)
 .debug_str     0x000581c6      0x430 ./stdperiph/src/stm32f10x_gpio.o
                              0x4f02c (size before relaxing)
 .debug_str     0x000585f6      0xb1c ./stdperiph/src/stm32f10x_rcc.o
                              0x4f5fb (size before relaxing)
 .debug_str     0x00059112      0x7e1 ./stdperiph/src/stm32f10x_usart.o
                              0x379ae (size before relaxing)
 .debug_str     0x000598f3       0x3a ./sys/startup_stm32f10x_md.o
                                 0x8f (size before relaxing)
 .debug_str     0x0005992d      0x12a ./sys/stm32_it.o
                              0x3dfcd (size before relaxing)
 .debug_str     0x00059a57       0xad ./sys/system_stm32f10x.o
                              0x33f0e (size before relaxing)
 .debug_str     0x00059b04      0x283 ./usb/hw_config.o
                              0x3efaf (size before relaxing)
 .debug_str     0x00059d87       0x96 ./usb/usb_desc.o
                              0x3d60e (size before relaxing)
 .debug_str     0x00059e1d       0x81 ./usb/usb_endp.o
                              0x3dcb6 (size before relaxing)
 .debug_str     0x00059e9e       0x31 ./usb/usb_istr.o
                              0x3d8f3 (size before relaxing)
 .debug_str     0x00059ecf      0x20a ./usb/usb_prop.o
                              0x3e6f4 (size before relaxing)
 .debug_str     0x0005a0d9      0x105 ./usb/usb_pwr.o
                              0x3daa3 (size before relaxing)

.comment        0x00000000       0x43
 .comment       0x00000000       0x43 ./drv/adc.o
                                 0x44 (size before relaxing)
 .comment       0x00000043       0x44 ./drv/led.o
 .comment       0x00000043       0x44 ./drv/timebase.o
 .comment       0x00000043       0x44 ./fsusb/src/usb_core.o
 .comment       0x00000043       0x44 ./fsusb/src/usb_init.o
 .comment       0x00000043       0x44 ./fsusb/src/usb_int.o
 .comment       0x00000043       0x44 ./fsusb/src/usb_mem.o
 .comment       0x00000043       0x44 ./fsusb/src/usb_regs.o
 .comment       0x00000043       0x44 ./fsusb/src/usb_sil.o
 .comment       0x00000043       0x44 ./src/blaster.o
 .comment       0x00000043       0x44 ./src/blaster_port.o
 .comment       0x00000043       0x44 ./src/ft245rom.o
 .comment       0x00000043       0x44 ./src/main.o
 .comment       0x00000043       0x44 ./src/memop.o
 .comment       0x00000043       0x44 ./src/ringbuf.o
 .comment       0x00000043       0x44 ./stdperiph/src/misc.o
 .comment       0x00000043       0x44 ./stdperiph/src/stm32f10x_adc.o
 .comment       0x00000043       0x44 ./stdperiph/src/stm32f10x_exti.o
 .comment       0x00000043       0x44 ./stdperiph/src/stm32f10x_gpio.o
 .comment       0x00000043       0x44 ./stdperiph/src/stm32f10x_rcc.o
 .comment       0x00000043       0x44 ./stdperiph/src/stm32f10x_usart.o
 .comment       0x00000043       0x44 ./sys/stm32_it.o
 .comment       0x00000043       0x44 ./sys/system_stm32f10x.o
 .comment       0x00000043       0x44 ./usb/hw_config.o
 .comment       0x00000043       0x44 ./usb/usb_desc.o
 .comment       0x00000043       0x44 ./usb/usb_endp.o
 .comment       0x00000043       0x44 ./usb/usb_istr.o
 .comment       0x00000043       0x44 ./usb/usb_prop.o
 .comment       0x00000043       0x44 ./usb/usb_pwr.o

.debug_frame    0x00000000     0x310c
 .debug_frame   0x00000000       0x58 ./drv/adc.o
 .debug_frame   0x00000058       0xa0 ./drv/led.o
 .debug_frame   0x000000f8      0x148 ./drv/timebase.o
 .debug_frame   0x00000240      0x2b8 ./fsusb/src/usb_core.o
 .debug_frame   0x000004f8       0x2c ./fsusb/src/usb_init.o
 .debug_frame   0x00000524       0x5c ./fsusb/src/usb_int.o
 .debug_frame   0x00000580       0x60 ./fsusb/src/usb_mem.o
 .debug_frame   0x000005e0      0x91c ./fsusb/src/usb_regs.o
 .debug_frame   0x00000efc       0x78 ./fsusb/src/usb_sil.o
 .debug_frame   0x00000f74       0xb4 ./src/blaster.o
 .debug_frame   0x00001028       0xd4 ./src/blaster_port.o
 .debug_frame   0x000010fc       0x88 ./src/ft245rom.o
 .debug_frame   0x00001184       0x9c ./src/main.o
 .debug_frame   0x00001220       0x60 ./src/memop.o
 .debug_frame   0x00001280       0xf0 ./src/ringbuf.o
 .debug_frame   0x00001370       0xd8 ./stdperiph/src/misc.o
 .debug_frame   0x00001448      0x5a4 ./stdperiph/src/stm32f10x_adc.o
 .debug_frame   0x000019ec      0x148 ./stdperiph/src/stm32f10x_exti.o
 .debug_frame   0x00001b34      0x2d0 ./stdperiph/src/stm32f10x_gpio.o
 .debug_frame   0x00001e04      0x4f4 ./stdperiph/src/stm32f10x_rcc.o
 .debug_frame   0x000022f8      0x490 ./stdperiph/src/stm32f10x_usart.o
 .debug_frame   0x00002788      0x160 ./sys/stm32_it.o
 .debug_frame   0x000028e8       0x98 ./sys/system_stm32f10x.o
 .debug_frame   0x00002980      0x224 ./usb/hw_config.o
 .debug_frame   0x00002ba4       0x74 ./usb/usb_endp.o
 .debug_frame   0x00002c18       0x34 ./usb/usb_istr.o
 .debug_frame   0x00002c4c      0x21c ./usb/usb_prop.o
 .debug_frame   0x00002e68       0xc0 ./usb/usb_pwr.o
 .debug_frame   0x00002f28       0xac C:/Program Files/STM32CubeIDE_1.16.0/STM32CubeIDE/plugins/com.st.stm32cube.ide.mcu.externaltools.gnu-tools-for-stm32.12.3.rel1.win32_1.0.200.202406191623/tools/bin/../lib/gcc/arm-none-eabi/12.3.1/thumb/v7-m/nofp\libgcc.a(_arm_addsubdf3.o)
 .debug_frame   0x00002fd4       0x50 C:/Program Files/STM32CubeIDE_1.16.0/STM32CubeIDE/plugins/com.st.stm32cube.ide.mcu.externaltools.gnu-tools-for-stm32.12.3.rel1.win32_1.0.200.202406191623/tools/bin/../lib/gcc/arm-none-eabi/12.3.1/thumb/v7-m/nofp\libgcc.a(_arm_muldivdf3.o)
 .debug_frame   0x00003024       0xc4 C:/Program Files/STM32CubeIDE_1.16.0/STM32CubeIDE/plugins/com.st.stm32cube.ide.mcu.externaltools.gnu-tools-for-stm32.12.3.rel1.win32_1.0.200.202406191623/tools/bin/../lib/gcc/arm-none-eabi/12.3.1/thumb/v7-m/nofp\libgcc.a(_arm_cmpdf2.o)
 .debug_frame   0x000030e8       0x24 C:/Program Files/STM32CubeIDE_1.16.0/STM32CubeIDE/plugins/com.st.stm32cube.ide.mcu.externaltools.gnu-tools-for-stm32.12.3.rel1.win32_1.0.200.202406191623/tools/bin/../lib/gcc/arm-none-eabi/12.3.1/thumb/v7-m/nofp\libgcc.a(_arm_truncdfsf2.o)

.debug_line_str
                0x00000000       0x73
 .debug_line_str
                0x00000000       0x73 ./sys/startup_stm32f10x_md.o
