Archive member included to satisfy reference by file (symbol)

C:/Program Files/STM32CubeIDE_1.16.0/STM32CubeIDE/plugins/com.st.stm32cube.ide.mcu.externaltools.gnu-tools-for-stm32.12.3.rel1.win32_1.0.200.202406191623/tools/bin/../lib/gcc/arm-none-eabi/12.3.1/../../../../arm-none-eabi/lib/thumb/v7-m/nofp\libc_nano.a(libc_a-exit.o)
                              C:/Program Files/STM32CubeIDE_1.16.0/STM32CubeIDE/plugins/com.st.stm32cube.ide.mcu.externaltools.gnu-tools-for-stm32.12.3.rel1.win32_1.0.200.202406191623/tools/bin/../lib/gcc/arm-none-eabi/12.3.1/../../../../arm-none-eabi/lib/thumb/v7-m/nofp/crt0.o (exit)
C:/Program Files/STM32CubeIDE_1.16.0/STM32CubeIDE/plugins/com.st.stm32cube.ide.mcu.externaltools.gnu-tools-for-stm32.12.3.rel1.win32_1.0.200.202406191623/tools/bin/../lib/gcc/arm-none-eabi/12.3.1/../../../../arm-none-eabi/lib/thumb/v7-m/nofp\libc_nano.a(libc_a-findfp.o)
                              C:/Program Files/STM32CubeIDE_1.16.0/STM32CubeIDE/plugins/com.st.stm32cube.ide.mcu.externaltools.gnu-tools-for-stm32.12.3.rel1.win32_1.0.200.202406191623/tools/bin/../lib/gcc/arm-none-eabi/12.3.1/../../../../arm-none-eabi/lib/thumb/v7-m/nofp\libc_nano.a(libc_a-exit.o) (__stdio_exit_handler)
C:/Program Files/STM32CubeIDE_1.16.0/STM32CubeIDE/plugins/com.st.stm32cube.ide.mcu.externaltools.gnu-tools-for-stm32.12.3.rel1.win32_1.0.200.202406191623/tools/bin/../lib/gcc/arm-none-eabi/12.3.1/../../../../arm-none-eabi/lib/thumb/v7-m/nofp\libc_nano.a(libc_a-fwalk.o)
                              C:/Program Files/STM32CubeIDE_1.16.0/STM32CubeIDE/plugins/com.st.stm32cube.ide.mcu.externaltools.gnu-tools-for-stm32.12.3.rel1.win32_1.0.200.202406191623/tools/bin/../lib/gcc/arm-none-eabi/12.3.1/../../../../arm-none-eabi/lib/thumb/v7-m/nofp\libc_nano.a(libc_a-findfp.o) (_fwalk_sglue)
C:/Program Files/STM32CubeIDE_1.16.0/STM32CubeIDE/plugins/com.st.stm32cube.ide.mcu.externaltools.gnu-tools-for-stm32.12.3.rel1.win32_1.0.200.202406191623/tools/bin/../lib/gcc/arm-none-eabi/12.3.1/../../../../arm-none-eabi/lib/thumb/v7-m/nofp\libc_nano.a(libc_a-stdio.o)
                              C:/Program Files/STM32CubeIDE_1.16.0/STM32CubeIDE/plugins/com.st.stm32cube.ide.mcu.externaltools.gnu-tools-for-stm32.12.3.rel1.win32_1.0.200.202406191623/tools/bin/../lib/gcc/arm-none-eabi/12.3.1/../../../../arm-none-eabi/lib/thumb/v7-m/nofp\libc_nano.a(libc_a-findfp.o) (__sread)
C:/Program Files/STM32CubeIDE_1.16.0/STM32CubeIDE/plugins/com.st.stm32cube.ide.mcu.externaltools.gnu-tools-for-stm32.12.3.rel1.win32_1.0.200.202406191623/tools/bin/../lib/gcc/arm-none-eabi/12.3.1/../../../../arm-none-eabi/lib/thumb/v7-m/nofp\libc_nano.a(libc_a-closer.o)
                              C:/Program Files/STM32CubeIDE_1.16.0/STM32CubeIDE/plugins/com.st.stm32cube.ide.mcu.externaltools.gnu-tools-for-stm32.12.3.rel1.win32_1.0.200.202406191623/tools/bin/../lib/gcc/arm-none-eabi/12.3.1/../../../../arm-none-eabi/lib/thumb/v7-m/nofp\libc_nano.a(libc_a-stdio.o) (_close_r)
C:/Program Files/STM32CubeIDE_1.16.0/STM32CubeIDE/plugins/com.st.stm32cube.ide.mcu.externaltools.gnu-tools-for-stm32.12.3.rel1.win32_1.0.200.202406191623/tools/bin/../lib/gcc/arm-none-eabi/12.3.1/../../../../arm-none-eabi/lib/thumb/v7-m/nofp\libc_nano.a(libc_a-reent.o)
                              C:/Program Files/STM32CubeIDE_1.16.0/STM32CubeIDE/plugins/com.st.stm32cube.ide.mcu.externaltools.gnu-tools-for-stm32.12.3.rel1.win32_1.0.200.202406191623/tools/bin/../lib/gcc/arm-none-eabi/12.3.1/../../../../arm-none-eabi/lib/thumb/v7-m/nofp\libc_nano.a(libc_a-closer.o) (errno)
C:/Program Files/STM32CubeIDE_1.16.0/STM32CubeIDE/plugins/com.st.stm32cube.ide.mcu.externaltools.gnu-tools-for-stm32.12.3.rel1.win32_1.0.200.202406191623/tools/bin/../lib/gcc/arm-none-eabi/12.3.1/../../../../arm-none-eabi/lib/thumb/v7-m/nofp\libc_nano.a(libc_a-impure.o)
                              C:/Program Files/STM32CubeIDE_1.16.0/STM32CubeIDE/plugins/com.st.stm32cube.ide.mcu.externaltools.gnu-tools-for-stm32.12.3.rel1.win32_1.0.200.202406191623/tools/bin/../lib/gcc/arm-none-eabi/12.3.1/../../../../arm-none-eabi/lib/thumb/v7-m/nofp\libc_nano.a(libc_a-reent.o) (_impure_ptr)
C:/Program Files/STM32CubeIDE_1.16.0/STM32CubeIDE/plugins/com.st.stm32cube.ide.mcu.externaltools.gnu-tools-for-stm32.12.3.rel1.win32_1.0.200.202406191623/tools/bin/../lib/gcc/arm-none-eabi/12.3.1/../../../../arm-none-eabi/lib/thumb/v7-m/nofp\libc_nano.a(libc_a-lseekr.o)
                              C:/Program Files/STM32CubeIDE_1.16.0/STM32CubeIDE/plugins/com.st.stm32cube.ide.mcu.externaltools.gnu-tools-for-stm32.12.3.rel1.win32_1.0.200.202406191623/tools/bin/../lib/gcc/arm-none-eabi/12.3.1/../../../../arm-none-eabi/lib/thumb/v7-m/nofp\libc_nano.a(libc_a-stdio.o) (_lseek_r)
C:/Program Files/STM32CubeIDE_1.16.0/STM32CubeIDE/plugins/com.st.stm32cube.ide.mcu.externaltools.gnu-tools-for-stm32.12.3.rel1.win32_1.0.200.202406191623/tools/bin/../lib/gcc/arm-none-eabi/12.3.1/../../../../arm-none-eabi/lib/thumb/v7-m/nofp\libc_nano.a(libc_a-readr.o)
[...]
Memory Configuration

Name             Origin             Length             Attributes
RAM              0x20000000         0x00005000         xrw
FLASH            0x08000000         0x00010000         xr
*default*        0x00000000         0xffffffff

Linker script and memory map

LOAD C:/Program Files/STM32CubeIDE_1.16.0/STM32CubeIDE/plugins/com.st.stm32cube.ide.mcu.externaltools.gnu-tools-for-stm32.12.3.rel1.win32_1.0.200.202406191623/tools/bin/../lib/gcc/arm-none-eabi/12.3.1/thumb/v7-m/nofp/crti.o
LOAD C:/Program Files/STM32CubeIDE_1.16.0/STM32CubeIDE/plugins/com.st.stm32cube.ide.mcu.externaltools.gnu-tools-for-stm32.12.3.rel1.win32_1.0.200.202406191623/tools/bin/../lib/gcc/arm-none-eabi/12.3.1/thumb/v7-m/nofp/crtbegin.o
LOAD C:/Program Files/STM32CubeIDE_1.16.0/STM32CubeIDE/plugins/com.st.stm32cube.ide.mcu.externaltools.gnu-tools-for-stm32.12.3.rel1.win32_1.0.200.202406191623/tools/bin/../lib/gcc/arm-none-eabi/12.3.1/../../../../arm-none-eabi/lib/thumb/v7-m/nofp/crt0.o
LOAD ./drv/led.o
LOAD ./drv/timebase.o
LOAD ./fsusb/src/usb_core.o
LOAD ./fsusb/src/usb_init.o
LOAD ./fsusb/src/usb_int.o
LOAD ./fsusb/src/usb_mem.o
LOAD ./fsusb/src/usb_regs.o
LOAD ./fsusb/src/usb_sil.o
LOAD ./src/blaster.o
LOAD ./src/blaster_port.o
LOAD ./src/ft245rom.o
LOAD ./src/main.o
LOAD ./src/memop.o
LOAD ./src/ringbuf.o
LOAD ./stdperiph/src/misc.o
LOAD ./stdperiph/src/stm32f10x_adc.o
LOAD ./stdperiph/src/stm32f10x_bkp.o
LOAD ./stdperiph/src/stm32f10x_can.o
LOAD ./stdperiph/src/stm32f10x_cec.o
LOAD ./stdperiph/src/stm32f10x_crc.o
LOAD ./stdperiph/src/stm32f10x_dac.o
LOAD ./stdperiph/src/stm32f10x_dbgmcu.o
LOAD ./stdperiph/src/stm32f10x_dma.o
LOAD ./stdperiph/src/stm32f10x_exti.o
LOAD ./stdperiph/src/stm32f10x_flash.o
LOAD ./stdperiph/src/stm32f10x_fsmc.o
LOAD ./stdperiph/src/stm32f10x_gpio.o
LOAD ./stdperiph/src/stm32f10x_i2c.o
LOAD ./stdperiph/src/stm32f10x_iwdg.o
LOAD ./stdperiph/src/stm32f10x_pwr.o
LOAD ./stdperiph/src/stm32f10x_rcc.o
LOAD ./stdperiph/src/stm32f10x_rtc.o
LOAD ./stdperiph/src/stm32f10x_sdio.o
LOAD ./stdperiph/src/stm32f10x_spi.o
LOAD ./stdperiph/src/stm32f10x_tim.o
LOAD ./stdperiph/src/stm32f10x_usart.o
LOAD ./stdperiph/src/stm32f10x_wwdg.o
LOAD ./sys/startup_stm32f10x_md.o
LOAD ./sys/stm32_it.o
LOAD ./sys/system_stm32f10x.o
LOAD ./usb/hw_config.o
LOAD ./usb/usb_desc.o
LOAD ./usb/usb_endp.o
LOAD ./usb/usb_istr.o
LOAD ./usb/usb_prop.o
LOAD ./usb/usb_pwr.o
START GROUP
LOAD C:/Program Files/STM32CubeIDE_1.16.0/STM32CubeIDE/plugins/com.st.stm32cube.ide.mcu.externaltools.gnu-tools-for-stm32.12.3.rel1.win32_1.0.200.202406191623/tools/bin/../lib/gcc/arm-none-eabi/12.3.1/../../../../arm-none-eabi/lib/thumb/v7-m/nofp\libc_nano.a
LOAD C:/Program Files/STM32CubeIDE_1.16.0/STM32CubeIDE/plugins/com.st.stm32cube.ide.mcu.externaltools.gnu-tools-for-stm32.12.3.rel1.win32_1.0.200.202406191623/tools/bin/../lib/gcc/arm-none-eabi/12.3.1/../../../../arm-none-eabi/lib/thumb/v7-m/nofp\libm.a
END GROUP
START GROUP
LOAD C:/Program Files/STM32CubeIDE_1.16.0/STM32CubeIDE/plugins/com.st.stm32cube.ide.mcu.externaltools.gnu-tools-for-stm32.12.3.rel1.win32_1.0.200.202406191623/tools/bin/../lib/gcc/arm-none-eabi/12.3.1/thumb/v7-m/nofp\libgcc.a
LOAD C:/Program Files/STM32CubeIDE_1.16.0/STM32CubeIDE/plugins/com.st.stm32cube.ide.mcu.externaltools.gnu-tools-for-stm32.12.3.rel1.win32_1.0.200.202406191623/tools/bin/../lib/gcc/arm-none-eabi/12.3.1/../../../../arm-none-eabi/lib/thumb/v7-m/nofp\libc_nano.a
END GROUP
START GROUP
LOAD C:/Program Files/STM32CubeIDE_1.16.0/STM32CubeIDE/plugins/com.st.stm32cube.ide.mcu.externaltools.gnu-tools-for-stm32.12.3.rel1.win32_1.0.200.202406191623/tools/bin/../lib/gcc/arm-none-eabi/12.3.1/thumb/v7-m/nofp\libgcc.a
LOAD C:/Program Files/STM32CubeIDE_1.16.0/STM32CubeIDE/plugins/com.st.stm32cube.ide.mcu.externaltools.gnu-tools-for-stm32.12.3.rel1.win32_1.0.200.202406191623/tools/bin/../lib/gcc/arm-none-eabi/12.3.1/../../../../arm-none-eabi/lib/thumb/v7-m/nofp\libc_nano.a
LOAD C:/Program Files/STM32CubeIDE_1.16.0/STM32CubeIDE/plugins/com.st.stm32cube.ide.mcu.externaltools.gnu-tools-for-stm32.12.3.rel1.win32_1.0.200.202406191623/tools/bin/../lib/gcc/arm-none-eabi/12.3.1/../../../../arm-none-eabi/lib/thumb/v7-m/nofp\libnosys.a
END GROUP
START GROUP
LOAD C:/Program Files/STM32CubeIDE_1.16.0/STM32CubeIDE/plugins/com.st.stm32cube.ide.mcu.externaltools.gnu-tools-for-stm32.12.3.rel1.win32_1.0.200.202406191623/tools/bin/../lib/gcc/arm-none-eabi/12.3.1/thumb/v7-m/nofp\libgcc.a
LOAD C:/Program Files/STM32CubeIDE_1.16.0/STM32CubeIDE/plugins/com.st.stm32cube.ide.mcu.externaltools.gnu-tools-for-stm32.12.3.rel1.win32_1.0.200.202406191623/tools/bin/../lib/gcc/arm-none-eabi/12.3.1/../../../../arm-none-eabi/lib/thumb/v7-m/nofp\libc_nano.a
LOAD C:/Program Files/STM32CubeIDE_1.16.0/STM32CubeIDE/plugins/com.st.stm32cube.ide.mcu.externaltools.gnu-tools-for-stm32.12.3.rel1.win32_1.0.200.202406191623/tools/bin/../lib/gcc/arm-none-eabi/12.3.1/../../../../arm-none-eabi/lib/thumb/v7-m/nofp\libnosys.a
END GROUP
LOAD C:/Program Files/STM32CubeIDE_1.16.0/STM32CubeIDE/plugins/com.st.stm32cube.ide.mcu.externaltools.gnu-tools-for-stm32.12.3.rel1.win32_1.0.200.202406191623/tools/bin/../lib/gcc/arm-none-eabi/12.3.1/thumb/v7-m/nofp/crtend.o
LOAD C:/Program Files/STM32CubeIDE_1.16.0/STM32CubeIDE/plugins/com.st.stm32cube.ide.mcu.externaltools.gnu-tools-for-stm32.12.3.rel1.win32_1.0.200.202406191623/tools/bin/../lib/gcc/arm-none-eabi/12.3.1/thumb/v7-m/nofp/crtn.o
                0x20005000                        _estack = (ORIGIN (RAM) + LENGTH (RAM))
                0x00000200                        _Min_Heap_Size = 0x200
                0x00000400                        _Min_Stack_Size = 0x400

.isr_vector     0x08000000      0x10c
                0x08000000                        . = ALIGN (0x4)
 *(.isr_vector)
 .isr_vector    0x08000000      0x10c ./sys/startup_stm32f10x_md.o
                0x08000000                g_pfnVectors
                0x0800010c                        . = ALIGN (0x4)

.text           0x0800010c     0x43dc
                0x0800010c                        . = ALIGN (0x4)
 *(.text)
 .text          0x0800010c       0x40 C:/Program Files/STM32CubeIDE_1.16.0/STM32CubeIDE/plugins/com.st.stm32cube.ide.mcu.externaltools.gnu-tools-for-stm32.12.3.rel1.win32_1.0.200.202406191623/tools/bin/../lib/gcc/arm-none-eabi/12.3.1/thumb/v7-m/nofp/crtbegin.o
 *(.text*)
 .text.led_gpio_config
                0x0800014c       0x34 ./drv/led.o
 .text.led_init
                0x08000180       0x30 ./drv/led.o
                0x08000180                led_init
 .text.NVIC_SetPriority
                0x080001b0       0x54 ./drv/timebase.o
 .text.SysTick_Config
                0x08000204       0x44 ./drv/timebase.o
 .text.SysTick_Handler
                0x08000248       0x1c ./drv/timebase.o
                0x08000248                SysTick_Handler
 .text.timebase_init
                0x08000264       0x50 ./drv/timebase.o
                0x08000264                timebase_init
 .text.millis   0x080002b4       0x14 ./drv/timebase.o
                0x080002b4                millis
 .text.Standard_GetConfiguration
                0x080002c8       0x3c ./fsusb/src/usb_core.o
                0x080002c8                Standard_GetConfiguration
 .text.Standard_SetConfiguration
                0x08000304       0x50 ./fsusb/src/usb_core.o
                0x08000304                Standard_SetConfiguration
 .text.Standard_GetInterface
                0x08000354       0x3c ./fsusb/src/usb_core.o
                0x08000354                Standard_GetInterface
 .text.Standard_SetInterface
                0x08000390       0x88 ./fsusb/src/usb_core.o
                0x08000390                Standard_SetInterface
 .text.Standard_GetStatus
                0x08000418      0x138 ./fsusb/src/usb_core.o
                0x08000418                Standard_GetStatus
 .text.Standard_ClearFeature
                0x08000550      0x1d8 ./fsusb/src/usb_core.o
                0x08000550                Standard_ClearFeature
 .text.Standard_SetEndPointFeature
                0x08000728      0x114 ./fsusb/src/usb_core.o
                0x08000728                Standard_SetEndPointFeature
 .text.Standard_SetDeviceFeature
                0x0800083c       0x2c ./fsusb/src/usb_core.o
                0x0800083c                Standard_SetDeviceFeature
 .text.Standard_GetDescriptorData
                0x08000868       0x48 ./fsusb/src/usb_core.o
                0x08000868                Standard_GetDescriptorData
 .text.DataStageOut
                0x080008b0      0x104 ./fsusb/src/usb_core.o
 .text.DataStageIn
                0x080009b4      0x10c ./fsusb/src/usb_core.o
 .text.NoData_Setup0
                0x08000ac0      0x194 ./fsusb/src/usb_core.o
 .text.Data_Setup0
                0x08000c54      0x328 ./fsusb/src/usb_core.o
 .text.Setup0_Process
                0x08000f7c       0xd8 ./fsusb/src/usb_core.o
                0x08000f7c                Setup0_Process
 .text.In0_Process
                0x08001054       0x90 ./fsusb/src/usb_core.o
                0x08001054                In0_Process
 .text.Out0_Process
                0x080010e4       0x74 ./fsusb/src/usb_core.o
                0x080010e4                Out0_Process
 .text.Post0_Process
                0x08001158       0x50 ./fsusb/src/usb_core.o
                0x08001158                Post0_Process
 .text.SetDeviceAddress
                0x080011a8       0x7c ./fsusb/src/usb_core.o
                0x080011a8                SetDeviceAddress
 .text.NOP_Process
                0x08001224        0xc ./fsusb/src/usb_core.o
                0x08001224                NOP_Process
 .text.USB_Init
                0x08001230       0x44 ./fsusb/src/usb_init.o
                0x08001230                USB_Init
 .text.CTR_LP   0x08001274      0x300 ./fsusb/src/usb_int.o
                0x08001274                CTR_LP
 .text.CTR_HP   0x08001574       0xf0 ./fsusb/src/usb_int.o
                0x08001574                CTR_HP
 .text.UserToPMABufferCopy
                0x08001664       0x74 ./fsusb/src/usb_mem.o
                0x08001664                UserToPMABufferCopy
 .text.PMAToUserBufferCopy
                0x080016d8       0x5c ./fsusb/src/usb_mem.o
                0x080016d8                PMAToUserBufferCopy
 .text.SetBTABLE
                0x08001734       0x24 ./fsusb/src/usb_regs.o
                0x08001734                SetBTABLE
 .text.GetENDPOINT
                0x08001758       0x24 ./fsusb/src/usb_regs.o
                0x08001758                GetENDPOINT
 .text.SetEPType
                0x0800177c       0x4c ./fsusb/src/usb_regs.o
                0x0800177c                SetEPType
 .text.SetEPTxStatus
                0x080017c8       0x70 ./fsusb/src/usb_regs.o
                0x080017c8                SetEPTxStatus
 .text.SetEPRxStatus
                0x08001838       0x70 ./fsusb/src/usb_regs.o
                0x08001838                SetEPRxStatus
 .text.SetEPTxValid
                0x080018a8       0x54 ./fsusb/src/usb_regs.o
                0x080018a8                SetEPTxValid
 .text.SetEPRxValid
                0x080018fc       0x54 ./fsusb/src/usb_regs.o
                0x080018fc                SetEPRxValid
 .text.Clear_Status_Out
                0x08001950       0x48 ./fsusb/src/usb_regs.o
                0x08001950                Clear_Status_Out
 .text.SetEPDoubleBuff
                0x08001998       0x50 ./fsusb/src/usb_regs.o
                0x08001998                SetEPDoubleBuff
 .text.ToggleDTOG_TX
                0x080019e8       0x42 ./fsusb/src/usb_regs.o
                0x080019e8                ToggleDTOG_TX
 .text.ClearDTOG_RX
                0x08001a2a       0x5a ./fsusb/src/usb_regs.o
                0x08001a2a                ClearDTOG_RX
 .text.ClearDTOG_TX
                0x08001a84       0x5a ./fsusb/src/usb_regs.o
                0x08001a84                ClearDTOG_TX
 *fill*         0x08001ade        0x2 
 .text.SetEPTxAddr
                0x08001ae0       0x44 ./fsusb/src/usb_regs.o
                0x08001ae0                SetEPTxAddr
 .text.SetEPRxAddr
                0x08001b24       0x44 ./fsusb/src/usb_regs.o
                0x08001b24                SetEPRxAddr
 .text.GetEPTxAddr
                0x08001b68       0x34 ./fsusb/src/usb_regs.o
                0x08001b68                GetEPTxAddr
 .text.GetEPRxAddr
                0x08001b9c       0x34 ./fsusb/src/usb_regs.o
                0x08001b9c                GetEPRxAddr
 .text.SetEPTxCount
                0x08001bd0       0x3c ./fsusb/src/usb_regs.o
                0x08001bd0                SetEPTxCount
 .text.SetEPRxCount
                0x08001c0c       0x84 ./fsusb/src/usb_regs.o
                0x08001c0c                SetEPRxCount
 .text.GetEPRxCount
                0x08001c90       0x3c ./fsusb/src/usb_regs.o
                0x08001c90                GetEPRxCount
 .text.SetEPDblBuffAddr
                0x08001ccc       0x6c ./fsusb/src/usb_regs.o
                0x08001ccc                SetEPDblBuffAddr
 .text.SetEPDblBuffCount
                0x08001d38      0x138 ./fsusb/src/usb_regs.o
                0x08001d38                SetEPDblBuffCount
 .text.GetEPDblBuf0Count
                0x08001e70       0x3c ./fsusb/src/usb_regs.o
                0x08001e70                GetEPDblBuf0Count
 .text.GetEPDblBuf1Count
                0x08001eac       0x3c ./fsusb/src/usb_regs.o
                0x08001eac                GetEPDblBuf1Count
 .text.FreeUserBuffer
                0x08001ee8       0x84 ./fsusb/src/usb_regs.o
                0x08001ee8                FreeUserBuffer
 .text.ByteSwap
                0x08001f6c       0x2e ./fsusb/src/usb_regs.o
                0x08001f6c                ByteSwap
 *fill*         0x08001f9a        0x2 
 .text.USB_SIL_Init
                0x08001f9c       0x30 ./fsusb/src/usb_sil.o
                0x08001f9c                USB_SIL_Init
 .text.USB_SIL_Write
                0x08001fcc       0x4a ./fsusb/src/usb_sil.o
                0x08001fcc                USB_SIL_Write
 .text.USB_SIL_Read
                0x08002016       0x4a ./fsusb/src/usb_sil.o
                0x08002016                USB_SIL_Read
 .text.blaster_usbrecv
                0x08002060       0x98 ./src/blaster.o
 .text.blaster_usbsend
                0x080020f8       0x9c ./src/blaster.o
 .text.blaster_ioproc
                0x08002194       0xfc ./src/blaster.o
 .text.blaster_init
                0x08002290       0x88 ./src/blaster.o
                0x08002290                blaster_init
 .text.blaster_exec
                0x08002318       0x14 ./src/blaster.o
                0x08002318                blaster_exec
 .text.bport_init
                0x0800232c       0x44 ./src/blaster_port.o
                0x0800232c                bport_init
 .text.bport_state_set
                0x08002370       0x74 ./src/blaster_port.o
                0x08002370                bport_state_set
 .text.bport_state_get
                0x080023e4       0x28 ./src/blaster_port.o
                0x080023e4                bport_state_get
 .text.bport_shift_out
                0x0800240c       0xdc ./src/blaster_port.o
                0x0800240c                bport_shift_out
 .text.bport_shift_io
                0x080024e8      0x148 ./src/blaster_port.o
                0x080024e8                bport_shift_io
 .text.ft245rom_checksum
                0x08002630       0x6c ./src/ft245rom.o
                0x08002630                ft245rom_checksum
 .text.ft245rom_init
                0x0800269c      0x23c ./src/ft245rom.o
                0x0800269c                ft245rom_init
 .text.ft245rom_read
                0x080028d8       0x34 ./src/ft245rom.o
                0x080028d8                ft245rom_read
 .text.main     0x0800290c       0x44 ./src/main.o
                0x0800290c                main
 .text.PinStateSetup
                0x08002950       0x34 ./src/main.o
                0x08002950                PinStateSetup
 .text.BlasterInit
                0x08002984       0x24 ./src/main.o
                0x08002984                BlasterInit
 .text.memcpy   0x080029a8       0x44 ./src/memop.o
                0x080029a8                memcpy
 .text.memset   0x080029ec       0x3e ./src/memop.o
                0x080029ec                memset
 .text.ringbuf_init
                0x08002a2a       0x4e ./src/ringbuf.o
                0x08002a2a                ringbuf_init
 .text.ringbuf_use_len
                0x08002a78       0x1c ./src/ringbuf.o
                0x08002a78                ringbuf_use_len
 .text.ringbuf_is_full
                0x08002a94       0x2a ./src/ringbuf.o
                0x08002a94                ringbuf_is_full
 .text.ringbuf_get
                0x08002abe       0xa2 ./src/ringbuf.o
                0x08002abe                ringbuf_get
 .text.ringbuf_putc
                0x08002b60       0x46 ./src/ringbuf.o
                0x08002b60                ringbuf_putc
 *fill*         0x08002ba6        0x2 
 .text.NVIC_PriorityGroupConfig
                0x08002ba8       0x24 ./stdperiph/src/misc.o
                0x08002ba8                NVIC_PriorityGroupConfig
 .text.NVIC_Init
                0x08002bcc       0xc4 ./stdperiph/src/misc.o
                0x08002bcc                NVIC_Init
 .text.EXTI_Init
                0x08002c90       0xe4 ./stdperiph/src/stm32f10x_exti.o
                0x08002c90                EXTI_Init
 .text.EXTI_ClearITPendingBit
                0x08002d74       0x1c ./stdperiph/src/stm32f10x_exti.o
                0x08002d74                EXTI_ClearITPendingBit
 .text.GPIO_Init
                0x08002d90      0x178 ./stdperiph/src/stm32f10x_gpio.o
                0x08002d90                GPIO_Init
 .text.GPIO_ReadInputDataBit
                0x08002f08       0x32 ./stdperiph/src/stm32f10x_gpio.o
                0x08002f08                GPIO_ReadInputDataBit
 .text.GPIO_SetBits
                0x08002f3a       0x1c ./stdperiph/src/stm32f10x_gpio.o
                0x08002f3a                GPIO_SetBits
 .text.GPIO_ResetBits
                0x08002f56       0x1c ./stdperiph/src/stm32f10x_gpio.o
                0x08002f56                GPIO_ResetBits
 *fill*         0x08002f72        0x2 
 .text.GPIO_PinRemapConfig
                0x08002f74       0xe0 ./stdperiph/src/stm32f10x_gpio.o
                0x08002f74                GPIO_PinRemapConfig
 .text.RCC_USBCLKConfig
                0x08003054       0x1c ./stdperiph/src/stm32f10x_rcc.o
                0x08003054                RCC_USBCLKConfig
 .text.RCC_GetClocksFreq
                0x08003070      0x16c ./stdperiph/src/stm32f10x_rcc.o
                0x08003070                RCC_GetClocksFreq
 .text.RCC_APB2PeriphClockCmd
                0x080031dc       0x3c ./stdperiph/src/stm32f10x_rcc.o
                0x080031dc                RCC_APB2PeriphClockCmd
 .text.RCC_APB1PeriphClockCmd
                0x08003218       0x3c ./stdperiph/src/stm32f10x_rcc.o
                0x08003218                RCC_APB1PeriphClockCmd
 .text.USART_Init
                0x08003254      0x174 ./stdperiph/src/stm32f10x_usart.o
                0x08003254                USART_Init
 .text.USART_Cmd
                0x080033c8       0x3e ./stdperiph/src/stm32f10x_usart.o
                0x080033c8                USART_Cmd
 .text.USART_ITConfig
                0x08003406       0x8e ./stdperiph/src/stm32f10x_usart.o
                0x08003406                USART_ITConfig
 .text.USART_SendData
                0x08003494       0x22 ./stdperiph/src/stm32f10x_usart.o
                0x08003494                USART_SendData
 .text.USART_ReceiveData
                0x080034b6       0x1e ./stdperiph/src/stm32f10x_usart.o
                0x080034b6                USART_ReceiveData
 .text.USART_GetFlagStatus
                0x080034d4       0x36 ./stdperiph/src/stm32f10x_usart.o
                0x080034d4                USART_GetFlagStatus
 .text.USART_GetITStatus
                0x0800350a       0xb4 ./stdperiph/src/stm32f10x_usart.o
                0x0800350a                USART_GetITStatus
 *fill*         0x080035be        0x2 
 .text.Reset_Handler
                0x080035c0       0x44 ./sys/startup_stm32f10x_md.o
                0x080035c0                Reset_Handler
 .text.Default_Handler
                0x08003604        0x2 ./sys/startup_stm32f10x_md.o
                0x08003604                EXTI2_IRQHandler
                0x08003604                TIM1_CC_IRQHandler
                0x08003604                PVD_IRQHandler
                0x08003604                EXTI3_IRQHandler
                0x08003604                EXTI0_IRQHandler
                0x08003604                I2C2_EV_IRQHandler
                0x08003604                ADC1_2_IRQHandler
                0x08003604                SPI1_IRQHandler
                0x08003604                TAMPER_IRQHandler
                0x08003604                DMA1_Channel4_IRQHandler
                0x08003604                USART3_IRQHandler
                0x08003604                RTC_IRQHandler
                0x08003604                DMA1_Channel7_IRQHandler
                0x08003604                CAN1_RX1_IRQHandler
                0x08003604                TIM4_IRQHandler
                0x08003604                I2C1_EV_IRQHandler
                0x08003604                DMA1_Channel6_IRQHandler
                0x08003604                TIM3_IRQHandler
                0x08003604                RCC_IRQHandler
                0x08003604                TIM1_TRG_COM_IRQHandler
                0x08003604                DMA1_Channel1_IRQHandler
                0x08003604                Default_Handler
                0x08003604                EXTI15_10_IRQHandler
                0x08003604                EXTI9_5_IRQHandler
                0x08003604                SPI2_IRQHandler
                0x08003604                DMA1_Channel5_IRQHandler
                0x08003604                EXTI4_IRQHandler
                0x08003604                DMA1_Channel3_IRQHandler
                0x08003604                TIM1_UP_IRQHandler
                0x08003604                WWDG_IRQHandler
                0x08003604                TIM2_IRQHandler
                0x08003604                TIM1_BRK_IRQHandler
                0x08003604                EXTI1_IRQHandler
                0x08003604                RTCAlarm_IRQHandler
                0x08003604                USART2_IRQHandler
                0x08003604                I2C2_ER_IRQHandler
                0x08003604                DMA1_Channel2_IRQHandler
                0x08003604                CAN1_SCE_IRQHandler
                0x08003604                FLASH_IRQHandler
                0x08003604                I2C1_ER_IRQHandler
 .text.NMI_Handler
                0x08003606        0xc ./sys/stm32_it.o
                0x08003606                NMI_Handler
 .text.HardFault_Handler
                0x08003612        0x8 ./sys/stm32_it.o
                0x08003612                HardFault_Handler
 .text.MemManage_Handler
                0x0800361a        0x8 ./sys/stm32_it.o
                0x0800361a                MemManage_Handler
 .text.BusFault_Handler
                0x08003622        0x8 ./sys/stm32_it.o
                0x08003622                BusFault_Handler
 .text.UsageFault_Handler
                0x0800362a        0x8 ./sys/stm32_it.o
                0x0800362a                UsageFault_Handler
 .text.SVC_Handler
                0x08003632        0xc ./sys/stm32_it.o
                0x08003632                SVC_Handler
 .text.DebugMon_Handler
                0x0800363e        0xc ./sys/stm32_it.o
                0x0800363e                DebugMon_Handler
 .text.PendSV_Handler
                0x0800364a        0xc ./sys/stm32_it.o
                0x0800364a                PendSV_Handler
 .text.USB_HP_CAN1_TX_IRQHandler
                0x08003656        0xc ./sys/stm32_it.o
                0x08003656                USB_HP_CAN1_TX_IRQHandler
 .text.USB_LP_CAN1_RX0_IRQHandler
                0x08003662        0xc ./sys/stm32_it.o
                0x08003662                USB_LP_CAN1_RX0_IRQHandler
 .text.USBWakeUp_IRQHandler
                0x0800366e       0x10 ./sys/stm32_it.o
                0x0800366e                USBWakeUp_IRQHandler
 *fill*         0x0800367e        0x2 
 .text.USART1_IRQHandler
                0x08003680       0x64 ./sys/stm32_it.o
                0x08003680                USART1_IRQHandler
 .text.SystemInit
                0x080036e4       0x68 ./sys/system_stm32f10x.o
                0x080036e4                SystemInit
 .text.SetSysClock
                0x0800374c        0xc ./sys/system_stm32f10x.o
 .text.SetSysClockTo72
                0x08003758      0x100 ./sys/system_stm32f10x.o
 .text.USB_HW_Config
                0x08003858       0x18 ./usb/hw_config.o
                0x08003858                USB_HW_Config
 .text.USB_Clock_Config
                0x08003870       0x18 ./usb/hw_config.o
                0x08003870                USB_Clock_Config
 .text.USB_Interrupts_Config
                0x08003888       0x4e ./usb/hw_config.o
                0x08003888                USB_Interrupts_Config
 *fill*         0x080038d6        0x2 
 .text.USB_Cable_Ctrl
                0x080038d8       0x34 ./usb/hw_config.o
                0x080038d8                USB_Cable_Ctrl
 .text.USB_GPIO_Config
                0x0800390c       0x34 ./usb/hw_config.o
                0x0800390c                USB_GPIO_Config
 .text.USB_EXTI_Config
                0x08003940       0x2c ./usb/hw_config.o
                0x08003940                USB_EXTI_Config
 .text.USART_Config_Default
                0x0800396c       0x4c ./usb/hw_config.o
                0x0800396c                USART_Config_Default
 .text.USART_Config
                0x080039b8       0xd8 ./usb/hw_config.o
                0x080039b8                USART_Config
 .text.USB_To_USART_Send_Data
                0x08003a90       0x50 ./usb/hw_config.o
                0x08003a90                USB_To_USART_Send_Data
 .text.Handle_USBAsynchXfer
                0x08003ae0       0xe4 ./usb/hw_config.o
                0x08003ae0                Handle_USBAsynchXfer
 .text.USART_To_USB_Send_Data
                0x08003bc4       0x70 ./usb/hw_config.o
                0x08003bc4                USART_To_USB_Send_Data
 .text.STM_USART_Init
                0x08003c34       0x6c ./usb/hw_config.o
                0x08003c34                STM_USART_Init
 .text.Get_SerialNum
                0x08003ca0       0x50 ./usb/hw_config.o
                0x08003ca0                Get_SerialNum
 .text.IntToUnicode
                0x08003cf0       0x7c ./usb/hw_config.o
 .text.EP1_IN_Callback
                0x08003d6c       0xb8 ./usb/usb_endp.o
                0x08003d6c                EP1_IN_Callback
 .text.EP2_OUT_Callback
                0x08003e24       0x48 ./usb/usb_endp.o
                0x08003e24                EP2_OUT_Callback
 .text.SOF_Callback
                0x08003e6c       0x30 ./usb/usb_endp.o
                0x08003e6c                SOF_Callback
 .text.USB_Istr
                0x08003e9c       0x94 ./usb/usb_istr.o
                0x08003e9c                USB_Istr
 .text.Device_Init
                0x08003f30       0x34 ./usb/usb_prop.o
                0x08003f30                Device_Init
 .text.Device_Reset
                0x08003f64      0x164 ./usb/usb_prop.o
                0x08003f64                Device_Reset
 .text.Device_SetConfiguration
                0x080040c8       0x24 ./usb/usb_prop.o
                0x080040c8                Device_SetConfiguration
 .text.Device_SetDeviceAddress
                0x080040ec       0x18 ./usb/usb_prop.o
                0x080040ec                Device_SetDeviceAddress
 .text.Device_Status_In
                0x08004104       0x20 ./usb/usb_prop.o
                0x08004104                Device_Status_In
 .text.Device_Status_Out
                0x08004124        0xc ./usb/usb_prop.o
                0x08004124                Device_Status_Out
 .text.Device_Data_Setup
                0x08004130      0x128 ./usb/usb_prop.o
                0x08004130                Device_Data_Setup
 .text.Device_NoData_Setup
                0x08004258       0x80 ./usb/usb_prop.o
                0x08004258                Device_NoData_Setup
 .text.Device_GetDeviceDescriptor
                0x080042d8       0x40 ./usb/usb_prop.o
                0x080042d8                Device_GetDeviceDescriptor
 .text.Device_GetConfigDescriptor
                0x08004318       0x40 ./usb/usb_prop.o
                0x08004318                Device_GetConfigDescriptor
 .text.Device_GetStringDescriptor
                0x08004358       0x68 ./usb/usb_prop.o
                0x08004358                Device_GetStringDescriptor
 .text.Device_Get_Interface_Setting
                0x080043c0       0x30 ./usb/usb_prop.o
                0x080043c0                Device_Get_Interface_Setting
 .text.Blaster_Get_VendorData
                0x080043f0       0x30 ./usb/usb_prop.o
                0x080043f0                Blaster_Get_VendorData
 .text.CDC_GetLineCoding
                0x08004420       0x30 ./usb/usb_prop.o
                0x08004420                CDC_GetLineCoding
 .text.CDC_SetLineCoding
                0x08004450       0x30 ./usb/usb_prop.o
                0x08004450                CDC_SetLineCoding
 .text.PowerOn  0x08004480       0x50 ./usb/usb_pwr.o
                0x08004480                PowerOn
 *(.glue_7)
 .glue_7        0x080044d0        0x0 linker stubs
 *(.glue_7t)
 .glue_7t       0x080044d0        0x0 linker stubs
 *(.eh_frame)
 .eh_frame      0x080044d0        0x0 C:/Program Files/STM32CubeIDE_1.16.0/STM32CubeIDE/plugins/com.st.stm32cube.ide.mcu.externaltools.gnu-tools-for-stm32.12.3.rel1.win32_1.0.200.202406191623/tools/bin/../lib/gcc/arm-none-eabi/12.3.1/thumb/v7-m/nofp/crtbegin.o
 *(.init)
 .init          0x080044d0        0x4 C:/Program Files/STM32CubeIDE_1.16.0/STM32CubeIDE/plugins/com.st.stm32cube.ide.mcu.externaltools.gnu-tools-for-stm32.12.3.rel1.win32_1.0.200.202406191623/tools/bin/../lib/gcc/arm-none-eabi/12.3.1/thumb/v7-m/nofp/crti.o
                0x080044d0                _init
 .init          0x080044d4        0x8 C:/Program Files/STM32CubeIDE_1.16.0/STM32CubeIDE/plugins/com.st.stm32cube.ide.mcu.externaltools.gnu-tools-for-stm32.12.3.rel1.win32_1.0.200.202406191623/tools/bin/../lib/gcc/arm-none-eabi/12.3.1/thumb/v7-m/nofp/crtn.o
 *(.fini)
 .fini          0x080044dc        0x4 C:/Program Files/STM32CubeIDE_1.16.0/STM32CubeIDE/plugins/com.st.stm32cube.ide.mcu.externaltools.gnu-tools-for-stm32.12.3.rel1.win32_1.0.200.202406191623/tools/bin/../lib/gcc/arm-none-eabi/12.3.1/thumb/v7-m/nofp/crti.o
                0x080044dc                _fini
 .fini          0x080044e0        0x8 C:/Program Files/STM32CubeIDE_1.16.0/STM32CubeIDE/plugins/com.st.stm32cube.ide.mcu.externaltools.gnu-tools-for-stm32.12.3.rel1.win32_1.0.200.202406191623/tools/bin/../lib/gcc/arm-none-eabi/12.3.1/thumb/v7-m/nofp/crtn.o
                0x080044e8                        . = ALIGN (0x4)
                0x080044e8                        _etext = .

.vfp11_veneer   0x080044e8        0x0
 .vfp11_veneer  0x080044e8        0x0 linker stubs

.v4_bx          0x080044e8        0x0
 .v4_bx         0x080044e8        0x0 linker stubs

.iplt           0x080044e8        0x0
 .iplt          0x080044e8        0x0 C:/Program Files/STM32CubeIDE_1.16.0/STM32CubeIDE/plugins/com.st.stm32cube.ide.mcu.externaltools.gnu-tools-for-stm32.12.3.rel1.win32_1.0.200.202406191623/tools/bin/../lib/gcc/arm-none-eabi/12.3.1/thumb/v7-m/nofp/crtbegin.o

.rodata         0x080044e8      0x118
                0x080044e8                        . = ALIGN (0x4)
 *(.rodata)
 *(.rodata*)
 .rodata.Blaster_DeviceDescriptor
                0x080044e8       0x12 ./usb/usb_desc.o
                0x080044e8                Blaster_DeviceDescriptor
 *fill*         0x080044fa        0x2 
 .rodata.Blaster_ConfigDescriptor
                0x080044fc       0x20 ./usb/usb_desc.o
                0x080044fc                Blaster_ConfigDescriptor
 .rodata.CDC_DeviceDescriptor
                0x0800451c       0x12 ./usb/usb_desc.o
                0x0800451c                CDC_DeviceDescriptor
 *fill*         0x0800452e        0x2 
 .rodata.CDC_ConfigDescriptor
                0x08004530       0x43 ./usb/usb_desc.o
                0x08004530                CDC_ConfigDescriptor
 *fill*         0x08004573        0x1 
 .rodata.Blaster_StringLangID
                0x08004574        0x4 ./usb/usb_desc.o
                0x08004574                Blaster_StringLangID
 .rodata.Blaster_StringVendor
                0x08004578        0xe ./usb/usb_desc.o
                0x08004578                Blaster_StringVendor
 *fill*         0x08004586        0x2 
 .rodata.Blaster_StringProduct
                0x08004588       0x18 ./usb/usb_desc.o
                0x08004588                Blaster_StringProduct
 .rodata.CDC_StringLangID
                0x080045a0        0x4 ./usb/usb_desc.o
                0x080045a0                CDC_StringLangID
 .rodata.CDC_StringVendor
                0x080045a4       0x26 ./usb/usb_desc.o
                0x080045a4                CDC_StringVendor
 *fill*         0x080045ca        0x2 
 .rodata.CDC_StringProduct
                0x080045cc       0x32 ./usb/usb_desc.o
                0x080045cc                CDC_StringProduct
                0x08004600                        . = ALIGN (0x4)
 *fill*         0x080045fe        0x2 

.rel.dyn        0x08004600        0x0
 .rel.iplt      0x08004600        0x0 C:/Program Files/STM32CubeIDE_1.16.0/STM32CubeIDE/plugins/com.st.stm32cube.ide.mcu.externaltools.gnu-tools-for-stm32.12.3.rel1.win32_1.0.200.202406191623/tools/bin/../lib/gcc/arm-none-eabi/12.3.1/thumb/v7-m/nofp/crtbegin.o

.ARM.extab      0x08004600        0x0
                0x08004600                        . = ALIGN (0x4)
 *(.ARM.extab* .gnu.linkonce.armextab.*)
                0x08004600                        . = ALIGN (0x4)

.ARM            0x08004600        0x0
                0x08004600                        . = ALIGN (0x4)
                0x08004600                        __exidx_start = .
 *(.ARM.exidx*)
                0x08004600                        __exidx_end = .
                0x08004600                        . = ALIGN (0x4)

.preinit_array  0x08004600        0x0
                0x08004600                        . = ALIGN (0x4)
                0x08004600                        PROVIDE (__preinit_array_start = .)
 *(.preinit_array*)
                0x08004600                        PROVIDE (__preinit_array_end = .)
                0x08004600                        . = ALIGN (0x4)

.init_array     0x08004600        0x4
                0x08004600                        . = ALIGN (0x4)
                0x08004600                        PROVIDE (__init_array_start = .)
 *(SORT_BY_NAME(.init_array.*))
 *(.init_array*)
 .init_array    0x08004600        0x4 C:/Program Files/STM32CubeIDE_1.16.0/STM32CubeIDE/plugins/com.st.stm32cube.ide.mcu.externaltools.gnu-tools-for-stm32.12.3.rel1.win32_1.0.200.202406191623/tools/bin/../lib/gcc/arm-none-eabi/12.3.1/thumb/v7-m/nofp/crtbegin.o
                0x08004604                        PROVIDE (__init_array_end = .)
                0x08004604                        . = ALIGN (0x4)

.fini_array     0x08004604        0x4
                0x08004604                        . = ALIGN (0x4)
                [!provide]                        PROVIDE (__fini_array_start = .)
 *(SORT_BY_NAME(.fini_array.*))
 *(.fini_array*)
 .fini_array    0x08004604        0x4 C:/Program Files/STM32CubeIDE_1.16.0/STM32CubeIDE/plugins/com.st.stm32cube.ide.mcu.externaltools.gnu-tools-for-stm32.12.3.rel1.win32_1.0.200.202406191623/tools/bin/../lib/gcc/arm-none-eabi/12.3.1/thumb/v7-m/nofp/crtbegin.o
                [!provide]                        PROVIDE (__fini_array_end = .)
                0x08004608                        . = ALIGN (0x4)
                0x08004608                        _sidata = LOADADDR (.data)

.data           0x20000000      0x144 load address 0x08004608
                0x20000000                        . = ALIGN (0x4)
                0x20000000                        _sdata = .
 *(.data)
 *(.data*)
 .data.g_blaster_tx_ready
                0x20000000        0x1 ./src/blaster.o
                0x20000000                g_blaster_tx_ready
 *fill*         0x20000001        0x3 
 .data.APBAHBPrescTable
                0x20000004       0x10 ./stdperiph/src/stm32f10x_rcc.o
 .data.ADCPrescTable
                0x20000014        0x4 ./stdperiph/src/stm32f10x_rcc.o
 .data.SystemCoreClock
                0x20000018        0x4 ./sys/system_stm32f10x.o
                0x20000018                SystemCoreClock
 .data.Blaster_StringSerial
                0x2000001c       0x12 ./usb/usb_desc.o
                0x2000001c                Blaster_StringSerial
 *fill*         0x2000002e        0x2 
 .data.CDC_StringSerial
                0x20000030       0x1a ./usb/usb_desc.o
                0x20000030                CDC_StringSerial
 *fill*         0x2000004a        0x2 
 .data.pEpInt_IN
                0x2000004c       0x1c ./usb/usb_istr.o
                0x2000004c                pEpInt_IN
 .data.pEpInt_OUT
                0x20000068       0x1c ./usb/usb_istr.o
                0x20000068                pEpInt_OUT
 .data.linecoding
                0x20000084        0x8 ./usb/usb_prop.o
                0x20000084                linecoding
 .data.Device_Table
                0x2000008c        0x2 ./usb/usb_prop.o
                0x2000008c                Device_Table
 *fill*         0x2000008e        0x2 
 .data.Device_Property
                0x20000090       0x30 ./usb/usb_prop.o
                0x20000090                Device_Property
 .data.User_Standard_Requests
                0x200000c0       0x24 ./usb/usb_prop.o
                0x200000c0                User_Standard_Requests
 .data.Blaster_Device_Descriptor
                0x200000e4        0x8 ./usb/usb_prop.o
                0x200000e4                Blaster_Device_Descriptor
 .data.Blaster_Config_Descriptor
                0x200000ec        0x8 ./usb/usb_prop.o
                0x200000ec                Blaster_Config_Descriptor
 .data.Blaster_String_Descriptor
                0x200000f4       0x20 ./usb/usb_prop.o
                0x200000f4                Blaster_String_Descriptor
 .data.CDC_Device_Descriptor
                0x20000114        0x8 ./usb/usb_prop.o
                0x20000114                CDC_Device_Descriptor
 .data.CDC_Config_Descriptor
                0x2000011c        0x8 ./usb/usb_prop.o
                0x2000011c                CDC_Config_Descriptor
 .data.CDC_String_Descriptor
                0x20000124       0x20 ./usb/usb_prop.o
                0x20000124                CDC_String_Descriptor
 *(.RamFunc)
 *(.RamFunc*)
                0x20000144                        . = ALIGN (0x4)
                0x20000144                        _edata = .

.igot.plt       0x20000144        0x0 load address 0x0800474c
 .igot.plt      0x20000144        0x0 C:/Program Files/STM32CubeIDE_1.16.0/STM32CubeIDE/plugins/com.st.stm32cube.ide.mcu.externaltools.gnu-tools-for-stm32.12.3.rel1.win32_1.0.200.202406191623/tools/bin/../lib/gcc/arm-none-eabi/12.3.1/thumb/v7-m/nofp/crtbegin.o
                0x20000144                        . = ALIGN (0x4)

.bss            0x20000144      0xa4c load address 0x0800474c
                0x20000144                        _sbss = .
                0x20000144                        __bss_start__ = _sbss
 *(.bss)
 .bss           0x20000144       0x1c C:/Program Files/STM32CubeIDE_1.16.0/STM32CubeIDE/plugins/com.st.stm32cube.ide.mcu.externaltools.gnu-tools-for-stm32.12.3.rel1.win32_1.0.200.202406191623/tools/bin/../lib/gcc/arm-none-eabi/12.3.1/thumb/v7-m/nofp/crtbegin.o
 *(.bss*)
 .bss.s_led_mode
                0x20000160        0x1 ./drv/led.o
 *fill*         0x20000161        0x3 
 .bss.s_led_last_time
                0x20000164        0x4 ./drv/led.o
 .bss.s_us_ticks
                0x20000168        0x4 ./drv/timebase.o
 .bss.s_ms_ticks
                0x2000016c        0x4 ./drv/timebase.o
 .bss.s_system_up_ms
                0x20000170        0x4 ./drv/timebase.o
 .bss.StatusInfo
                0x20000174        0x2 ./fsusb/src/usb_core.o
                0x20000174                StatusInfo
 .bss.Data_Mul_MaxPacketSize
                0x20000176        0x1 ./fsusb/src/usb_core.o
                0x20000176                Data_Mul_MaxPacketSize
 .bss.EPindex   0x20000177        0x1 ./fsusb/src/usb_init.o
                0x20000177                EPindex
 .bss.pInformation
                0x20000178        0x4 ./fsusb/src/usb_init.o
                0x20000178                pInformation
 .bss.pProperty
                0x2000017c        0x4 ./fsusb/src/usb_init.o
                0x2000017c                pProperty
 .bss.wInterrupt_Mask
                0x20000180        0x2 ./fsusb/src/usb_init.o
                0x20000180                wInterrupt_Mask
 *fill*         0x20000182        0x2 
 .bss.Device_Info
                0x20000184       0x1c ./fsusb/src/usb_init.o
                0x20000184                Device_Info
 .bss.pUser_Standard_Requests
                0x200001a0        0x4 ./fsusb/src/usb_init.o
                0x200001a0                pUser_Standard_Requests
 .bss.SaveRState
                0x200001a4        0x2 ./fsusb/src/usb_int.o
                0x200001a4                SaveRState
 .bss.SaveTState
                0x200001a6        0x2 ./fsusb/src/usb_int.o
                0x200001a6                SaveTState
 .bss.g_blaster_rx_req
                0x200001a8        0x1 ./src/blaster.o
                0x200001a8                g_blaster_rx_req
 *fill*         0x200001a9        0x3 
 .bss.s_recv_buffer
                0x200001ac       0x40 ./src/blaster.o
 .bss.s_recv_buff_len
                0x200001ec        0x4 ./src/blaster.o
 .bss.s_recv_buff_idx
                0x200001f0        0x4 ./src/blaster.o
 .bss.s_send_buffer
                0x200001f4       0x40 ./src/blaster.o
 .bss.s_send_packet_buff
                0x20000234       0x40 ./src/blaster.o
 .bss.s_send_ring_buff
                0x20000274       0x10 ./src/blaster.o
 .bss.s_blaster_shift_cnt
                0x20000284        0x4 ./src/blaster.o
 .bss.s_blaster_shift_en
                0x20000288        0x1 ./src/blaster.o
 .bss.s_blaster_read_en
                0x20000289        0x1 ./src/blaster.o
 *fill*         0x2000028a        0x2 
 .bss.s_blaster_sendtime
                0x2000028c        0x4 ./src/blaster.o
 .bss.s_blaster_senddummy
                0x20000290        0x1 ./src/blaster.o
 *fill*         0x20000291        0x3 
 .bss.s_ft245rom_buf
                0x20000294       0x80 ./src/ft245rom.o
 .bss.GPIO_InitStructure
                0x20000314        0x4 ./src/main.o
                0x20000314                GPIO_InitStructure
 .bss.SetupPin  0x20000318        0x1 ./src/main.o
                0x20000318                SetupPin
 *fill*         0x20000319        0x3 
 .bss.flag      0x2000031c        0x4 ./sys/stm32_it.o
                0x2000031c                flag
 .bss.USART_InitStructure
                0x20000320       0x10 ./usb/hw_config.o
                0x20000320                USART_InitStructure
 .bss.USART_Rx_Buffer
                0x20000330      0x800 ./usb/hw_config.o
                0x20000330                USART_Rx_Buffer
 .bss.USART_Rx_ptr_in
                0x20000b30        0x4 ./usb/hw_config.o
                0x20000b30                USART_Rx_ptr_in
 .bss.USART_Rx_ptr_out
                0x20000b34        0x4 ./usb/hw_config.o
                0x20000b34                USART_Rx_ptr_out
 .bss.USART_Rx_length
                0x20000b38        0x4 ./usb/hw_config.o
                0x20000b38                USART_Rx_length
 .bss.USB_Tx_State
                0x20000b3c        0x1 ./usb/hw_config.o
                0x20000b3c                USB_Tx_State
 *fill*         0x20000b3d        0x3 
 .bss.USB_Rx_Buffer
                0x20000b40       0x40 ./usb/usb_endp.o
                0x20000b40                USB_Rx_Buffer
 .bss.FrameCount.0
                0x20000b80        0x4 ./usb/usb_endp.o
 .bss.wIstr     0x20000b84        0x2 ./usb/usb_istr.o
                0x20000b84                wIstr
 .bss.bIntPackSOF
                0x20000b86        0x1 ./usb/usb_istr.o
                0x20000b86                bIntPackSOF
 .bss.Request   0x20000b87        0x1 ./usb/usb_prop.o
                0x20000b87                Request
 .bss.s_Report_Buf
                0x20000b88        0x2 ./usb/usb_prop.o
 *fill*         0x20000b8a        0x2 
 .bss.bDeviceState
                0x20000b8c        0x4 ./usb/usb_pwr.o
                0x20000b8c                bDeviceState
 *(COMMON)
                0x20000b90                        . = ALIGN (0x4)
                0x20000b90                        _ebss = .
                0x20000b90                        __bss_end__ = _ebss

._user_heap_stack
                0x20000b90      0x600 load address 0x0800474c
                0x20000b90                        . = ALIGN (0x8)
                0x20000b90                        PROVIDE (end = .)
                [!provide]                        PROVIDE (_end = .)
                0x20000d90                        . = (. + _Min_Heap_Size)
 *fill*         0x20000b90      0x200 
                0x20001190                        . = (. + _Min_Stack_Size)
 *fill*         0x20000d90      0x400 
                0x20001190                        . = ALIGN (0x8)

/DISCARD/
 libc.a(*)
 libm.a(*)
 libgcc.a(*)

.ARM.attributes
                0x00000000       0x29
 *(.ARM.attributes)
 .ARM.attributes
                0x00000000       0x1d C:/Program Files/STM32CubeIDE_1.16.0/STM32CubeIDE/plugins/com.st.stm32cube.ide.mcu.externaltools.gnu-tools-for-stm32.12.3.rel1.win32_1.0.200.202406191623/tools/bin/../lib/gcc/arm-none-eabi/12.3.1/thumb/v7-m/nofp/crti.o
 .ARM.attributes
                0x0000001d       0x2d C:/Program Files/STM32CubeIDE_1.16.0/STM32CubeIDE/plugins/com.st.stm32cube.ide.mcu.externaltools.gnu-tools-for-stm32.12.3.rel1.win32_1.0.200.202406191623/tools/bin/../lib/gcc/arm-none-eabi/12.3.1/thumb/v7-m/nofp/crtbegin.o
 .ARM.attributes
                0x0000004a       0x2d ./drv/led.o
 .ARM.attributes
                0x00000077       0x2d ./drv/timebase.o
 .ARM.attributes
                0x000000a4       0x2d ./fsusb/src/usb_core.o
 .ARM.attributes
                0x000000d1       0x2d ./fsusb/src/usb_init.o
 .ARM.attributes
                0x000000fe       0x2d ./fsusb/src/usb_int.o
 .ARM.attributes
                0x0000012b       0x2d ./fsusb/src/usb_mem.o
 .ARM.attributes
                0x00000158       0x2d ./fsusb/src/usb_regs.o
 .ARM.attributes
                0x00000185       0x2d ./fsusb/src/usb_sil.o
 .ARM.attributes
                0x000001b2       0x2d ./src/blaster.o
 .ARM.attributes
                0x000001df       0x2d ./src/blaster_port.o
 .ARM.attributes
                0x0000020c       0x2d ./src/ft245rom.o
 .ARM.attributes
                0x00000239       0x2d ./src/main.o
 .ARM.attributes
                0x00000266       0x2d ./src/memop.o
 .ARM.attributes
                0x00000293       0x2d ./src/ringbuf.o
 .ARM.attributes
                0x000002c0       0x2d ./stdperiph/src/misc.o
 .ARM.attributes
                0x000002ed       0x2d ./stdperiph/src/stm32f10x_exti.o
 .ARM.attributes
                0x0000031a       0x2d ./stdperiph/src/stm32f10x_gpio.o
 .ARM.attributes
                0x00000347       0x2d ./stdperiph/src/stm32f10x_rcc.o
 .ARM.attributes
                0x00000374       0x2d ./stdperiph/src/stm32f10x_usart.o
 .ARM.attributes
                0x000003a1       0x21 ./sys/startup_stm32f10x_md.o
 .ARM.attributes
                0x000003c2       0x2d ./sys/stm32_it.o
 .ARM.attributes
                0x000003ef       0x2d ./sys/system_stm32f10x.o
 .ARM.attributes
                0x0000041c       0x2d ./usb/hw_config.o
 .ARM.attributes
                0x00000449       0x2d ./usb/usb_desc.o
 .ARM.attributes
                0x00000476       0x2d ./usb/usb_endp.o
 .ARM.attributes
                0x000004a3       0x2d ./usb/usb_istr.o
 .ARM.attributes
                0x000004d0       0x2d ./usb/usb_prop.o
 .ARM.attributes
                0x000004fd       0x2d ./usb/usb_pwr.o
 .ARM.attributes
                0x0000052a       0x1d C:/Program Files/STM32CubeIDE_1.16.0/STM32CubeIDE/plugins/com.st.stm32cube.ide.mcu.externaltools.gnu-tools-for-stm32.12.3.rel1.win32_1.0.200.202406191623/tools/bin/../lib/gcc/arm-none-eabi/12.3.1/thumb/v7-m/nofp/crtn.o
OUTPUT(blasterBluePill.elf elf32-littlearm)
LOAD linker stubs
LOAD C:/Program Files/STM32CubeIDE_1.16.0/STM32CubeIDE/plugins/com.st.stm32cube.ide.mcu.externaltools.gnu-tools-for-stm32.12.3.rel1.win32_1.0.200.202406191623/tools/bin/../lib/gcc/arm-none-eabi/12.3.1/../../../../arm-none-eabi/lib/thumb/v7-m/nofp\libc.a
LOAD C:/Program Files/STM32CubeIDE_1.16.0/STM32CubeIDE/plugins/com.st.stm32cube.ide.mcu.externaltools.gnu-tools-for-stm32.12.3.rel1.win32_1.0.200.202406191623/tools/bin/../lib/gcc/arm-none-eabi/12.3.1/../../../../arm-none-eabi/lib/thumb/v7-m/nofp\libm.a
LOAD C:/Program Files/STM32CubeIDE_1.16.0/STM32CubeIDE/plugins/com.st.stm32cube.ide.mcu.externaltools.gnu-tools-for-stm32.12.3.rel1.win32_1.0.200.202406191623/tools/bin/../lib/gcc/arm-none-eabi/12.3.1/thumb/v7-m/nofp\libgcc.a

.debug_info     0x00000000     0x8c15
 .debug_info    0x00000000      0x388 ./drv/led.o
 .debug_info    0x00000388      0x65a ./drv/timebase.o
 .debug_info    0x000009e2      0xc23 ./fsusb/src/usb_core.o
 .debug_info    0x00001605      0x46a ./fsusb/src/usb_init.o
 .debug_info    0x00001a6f      0x201 ./fsusb/src/usb_int.o
 .debug_info    0x00001c70      0x1aa ./fsusb/src/usb_mem.o
 .debug_info    0x00001e1a      0xc3b ./fsusb/src/usb_regs.o
 .debug_info    0x00002a55      0x1f3 ./fsusb/src/usb_sil.o
 .debug_info    0x00002c48      0x45f ./src/blaster.o
 .debug_info    0x000030a7      0x301 ./src/blaster_port.o
 .debug_info    0x000033a8      0x245 ./src/ft245rom.o
 .debug_info    0x000035ed      0x349 ./src/main.o
 .debug_info    0x00003936      0x137 ./src/memop.o
 .debug_info    0x00003a6d      0x2d4 ./src/ringbuf.o
 .debug_info    0x00003d41      0x4fa ./stdperiph/src/misc.o
 .debug_info    0x0000423b      0x322 ./stdperiph/src/stm32f10x_exti.o
 .debug_info    0x0000455d      0x6da ./stdperiph/src/stm32f10x_gpio.o
 .debug_info    0x00004c37      0x858 ./stdperiph/src/stm32f10x_rcc.o
 .debug_info    0x0000548f      0x9f1 ./stdperiph/src/stm32f10x_usart.o
 .debug_info    0x00005e80       0x30 ./sys/startup_stm32f10x_md.o
 .debug_info    0x00005eb0      0x360 ./sys/stm32_it.o
 .debug_info    0x00006210      0x489 ./sys/system_stm32f10x.o
 .debug_info    0x00006699      0xc90 ./usb/hw_config.o
 .debug_info    0x00007329      0x270 ./usb/usb_desc.o
 .debug_info    0x00007599      0x2bb ./usb/usb_endp.o
 .debug_info    0x00007854      0x2ef ./usb/usb_istr.o
 .debug_info    0x00007b43      0xb7f ./usb/usb_prop.o
 .debug_info    0x000086c2      0x553 ./usb/usb_pwr.o

.debug_abbrev   0x00000000     0x2b79
 .debug_abbrev  0x00000000      0x1b2 ./drv/led.o
 .debug_abbrev  0x000001b2      0x21b ./drv/timebase.o
 .debug_abbrev  0x000003cd      0x347 ./fsusb/src/usb_core.o
 .debug_abbrev  0x00000714      0x127 ./fsusb/src/usb_init.o
 .debug_abbrev  0x0000083b      0x10d ./fsusb/src/usb_int.o
 .debug_abbrev  0x00000948       0x99 ./fsusb/src/usb_mem.o
 .debug_abbrev  0x000009e1      0x1a1 ./fsusb/src/usb_regs.o
 .debug_abbrev  0x00000b82      0x100 ./fsusb/src/usb_sil.o
 .debug_abbrev  0x00000c82      0x1e2 ./src/blaster.o
 .debug_abbrev  0x00000e64      0x18e ./src/blaster_port.o
 .debug_abbrev  0x00000ff2       0xf6 ./src/ft245rom.o
 .debug_abbrev  0x000010e8      0x1ab ./src/main.o
 .debug_abbrev  0x00001293       0xae ./src/memop.o
 .debug_abbrev  0x00001341      0x14d ./src/ringbuf.o
 .debug_abbrev  0x0000148e      0x17f ./stdperiph/src/misc.o
 .debug_abbrev  0x0000160d      0x17a ./stdperiph/src/stm32f10x_exti.o
 .debug_abbrev  0x00001787      0x217 ./stdperiph/src/stm32f10x_gpio.o
 .debug_abbrev  0x0000199e      0x1e3 ./stdperiph/src/stm32f10x_rcc.o
 .debug_abbrev  0x00001b81      0x1bf ./stdperiph/src/stm32f10x_usart.o
 .debug_abbrev  0x00001d40       0x24 ./sys/startup_stm32f10x_md.o
 .debug_abbrev  0x00001d64      0x147 ./sys/stm32_it.o
 .debug_abbrev  0x00001eab      0x180 ./sys/system_stm32f10x.o
 .debug_abbrev  0x0000202b      0x338 ./usb/hw_config.o
 .debug_abbrev  0x00002363       0x84 ./usb/usb_desc.o
 .debug_abbrev  0x000023e7      0x15c ./usb/usb_endp.o
 .debug_abbrev  0x00002543      0x146 ./usb/usb_istr.o
 .debug_abbrev  0x00002689      0x280 ./usb/usb_prop.o
 .debug_abbrev  0x00002909      0x270 ./usb/usb_pwr.o

.debug_aranges  0x00000000      0xb30
 .debug_aranges
                0x00000000       0x40 ./drv/led.o
 .debug_aranges
                0x00000040       0x60 ./drv/timebase.o
 .debug_aranges
                0x000000a0       0xb0 ./fsusb/src/usb_core.o
 .debug_aranges
                0x00000150       0x20 ./fsusb/src/usb_init.o
 .debug_aranges
                0x00000170       0x28 ./fsusb/src/usb_int.o
 .debug_aranges
                0x00000198       0x28 ./fsusb/src/usb_mem.o
 .debug_aranges
                0x000001c0      0x1f0 ./fsusb/src/usb_regs.o
 .debug_aranges
                0x000003b0       0x30 ./fsusb/src/usb_sil.o
 .debug_aranges
                0x000003e0       0x40 ./src/blaster.o
 .debug_aranges
                0x00000420       0x40 ./src/blaster_port.o
 .debug_aranges
                0x00000460       0x30 ./src/ft245rom.o
 .debug_aranges
                0x00000490       0x30 ./src/main.o
 .debug_aranges
                0x000004c0       0x28 ./src/memop.o
 .debug_aranges
                0x000004e8       0x48 ./src/ringbuf.o
 .debug_aranges
                0x00000530       0x40 ./stdperiph/src/misc.o
 .debug_aranges
                0x00000570       0x58 ./stdperiph/src/stm32f10x_exti.o
 .debug_aranges
                0x000005c8       0xa8 ./stdperiph/src/stm32f10x_gpio.o
 .debug_aranges
                0x00000670      0x118 ./stdperiph/src/stm32f10x_rcc.o
 .debug_aranges
                0x00000788      0x100 ./stdperiph/src/stm32f10x_usart.o
 .debug_aranges
                0x00000888       0x28 ./sys/startup_stm32f10x_md.o
 .debug_aranges
                0x000008b0       0x78 ./sys/stm32_it.o
 .debug_aranges
                0x00000928       0x38 ./sys/system_stm32f10x.o
 .debug_aranges
                0x00000960       0x98 ./usb/hw_config.o
 .debug_aranges
                0x000009f8       0x18 ./usb/usb_desc.o
 .debug_aranges
                0x00000a10       0x30 ./usb/usb_endp.o
 .debug_aranges
                0x00000a40       0x20 ./usb/usb_istr.o
 .debug_aranges
                0x00000a60       0x90 ./usb/usb_prop.o
 .debug_aranges
                0x00000af0       0x40 ./usb/usb_pwr.o

.debug_rnglists
                0x00000000      0x875
 .debug_rnglists
                0x00000000       0x2c ./drv/led.o
 .debug_rnglists
                0x0000002c       0x43 ./drv/timebase.o
 .debug_rnglists
                0x0000006f       0x89 ./fsusb/src/usb_core.o
 .debug_rnglists
                0x000000f8       0x13 ./fsusb/src/usb_init.o
 .debug_rnglists
                0x0000010b       0x1b ./fsusb/src/usb_int.o
 .debug_rnglists
                0x00000126       0x19 ./fsusb/src/usb_mem.o
 .debug_rnglists
                0x0000013f      0x1e0 ./fsusb/src/usb_regs.o
 .debug_rnglists
                0x0000031f       0x1f ./fsusb/src/usb_sil.o
 .debug_rnglists
                0x0000033e       0x2f ./src/blaster.o
 .debug_rnglists
                0x0000036d       0x2d ./src/blaster_port.o
 .debug_rnglists
                0x0000039a       0x20 ./src/ft245rom.o
 .debug_rnglists
                0x000003ba       0x1f ./src/main.o
 .debug_rnglists
                0x000003d9       0x19 ./src/memop.o
 .debug_rnglists
                0x000003f2       0x33 ./src/ringbuf.o
 .debug_rnglists
                0x00000425       0x2c ./stdperiph/src/misc.o
 .debug_rnglists
                0x00000451       0x3e ./stdperiph/src/stm32f10x_exti.o
 .debug_rnglists
                0x0000048f       0x7d ./stdperiph/src/stm32f10x_gpio.o
 .debug_rnglists
                0x0000050c       0xce ./stdperiph/src/stm32f10x_rcc.o
 .debug_rnglists
                0x000005da       0xbf ./stdperiph/src/stm32f10x_usart.o
 .debug_rnglists
                0x00000699       0x19 ./sys/startup_stm32f10x_md.o
 .debug_rnglists
                0x000006b2       0x55 ./sys/stm32_it.o
 .debug_rnglists
                0x00000707       0x27 ./sys/system_stm32f10x.o
 .debug_rnglists
                0x0000072e       0x6f ./usb/hw_config.o
 .debug_rnglists
                0x0000079d       0x2d ./usb/usb_endp.o
 .debug_rnglists
                0x000007ca       0x14 ./usb/usb_istr.o
 .debug_rnglists
                0x000007de       0x6a ./usb/usb_prop.o
 .debug_rnglists
                0x00000848       0x2d ./usb/usb_pwr.o

.debug_macro    0x00000000    0x10e8b
 .debug_macro   0x00000000       0xf8 ./drv/led.o
 .debug_macro   0x000000f8      0xaa8 ./drv/led.o
 .debug_macro   0x00000ba0       0x63 ./drv/led.o
 .debug_macro   0x00000c03       0x3a ./drv/led.o
 .debug_macro   0x00000c3d       0x22 ./drv/led.o
 .debug_macro   0x00000c5f       0x8e ./drv/led.o
 .debug_macro   0x00000ced       0x51 ./drv/led.o
 .debug_macro   0x00000d3e      0x103 ./drv/led.o
 .debug_macro   0x00000e41       0x6a ./drv/led.o
 .debug_macro   0x00000eab      0x1df ./drv/led.o
 .debug_macro   0x0000108a       0x18 ./drv/led.o
 .debug_macro   0x000010a2      0xa8b ./drv/led.o
 .debug_macro   0x00001b2d     0x7ee4 ./drv/led.o
 .debug_macro   0x00009a11      0x3e2 ./drv/led.o
 .debug_macro   0x00009df3      0x2ad ./drv/led.o
 .debug_macro   0x0000a0a0      0x189 ./drv/led.o
 .debug_macro   0x0000a229       0x34 ./drv/led.o
 .debug_macro   0x0000a25d       0xe2 ./drv/timebase.o
 .debug_macro   0x0000a33f      0x187 ./fsusb/src/usb_core.o
 .debug_macro   0x0000a4c6       0xac ./fsusb/src/usb_core.o
 .debug_macro   0x0000a572      0x229 ./fsusb/src/usb_core.o
 .debug_macro   0x0000a79b       0x22 ./fsusb/src/usb_core.o
 .debug_macro   0x0000a7bd       0x5e ./fsusb/src/usb_core.o
 .debug_macro   0x0000a81b      0x45a ./fsusb/src/usb_core.o
 .debug_macro   0x0000ac75       0x28 ./fsusb/src/usb_core.o
 .debug_macro   0x0000ac9d       0x5e ./fsusb/src/usb_core.o
 .debug_macro   0x0000acfb      0x14b ./fsusb/src/usb_init.o
 .debug_macro   0x0000ae46      0x14b ./fsusb/src/usb_int.o
 .debug_macro   0x0000af91      0x14b ./fsusb/src/usb_mem.o
 .debug_macro   0x0000b0dc      0x14b ./fsusb/src/usb_regs.o
 .debug_macro   0x0000b227      0x14b ./fsusb/src/usb_sil.o
 .debug_macro   0x0000b372      0x1b3 ./src/blaster.o
 .debug_macro   0x0000b525       0xd6 ./src/blaster.o
 .debug_macro   0x0000b5fb       0x58 ./src/blaster.o
 .debug_macro   0x0000b653      0x136 ./src/blaster_port.o
 .debug_macro   0x0000b789       0xdc ./src/blaster_port.o
 .debug_macro   0x0000b865       0xea ./src/ft245rom.o
 .debug_macro   0x0000b94f       0x7c ./src/ft245rom.o
 .debug_macro   0x0000b9cb       0x16 ./src/ft245rom.o
 .debug_macro   0x0000b9e1      0x26c ./src/main.o
 .debug_macro   0x0000bc4d       0x5b ./src/main.o
 .debug_macro   0x0000bca8       0x24 ./src/main.o
 .debug_macro   0x0000bccc       0x94 ./src/main.o
 .debug_macro   0x0000bd60       0x43 ./src/main.o
 .debug_macro   0x0000bda3       0x34 ./src/main.o
 .debug_macro   0x0000bdd7       0x16 ./src/main.o
 .debug_macro   0x0000bded       0x57 ./src/main.o
 .debug_macro   0x0000be44       0x9e ./src/main.o
 .debug_macro   0x0000bee2      0x369 ./src/main.o
 .debug_macro   0x0000c24b      0x10b ./src/main.o
 .debug_macro   0x0000c356       0x10 ./src/main.o
 .debug_macro   0x0000c366       0x16 ./src/main.o
 .debug_macro   0x0000c37c       0x43 ./src/main.o
 .debug_macro   0x0000c3bf       0x34 ./src/main.o
 .debug_macro   0x0000c3f3       0x10 ./src/main.o
 .debug_macro   0x0000c403       0x58 ./src/main.o
 .debug_macro   0x0000c45b       0x8e ./src/main.o
 .debug_macro   0x0000c4e9       0x1c ./src/main.o
 .debug_macro   0x0000c505      0x177 ./src/main.o
 .debug_macro   0x0000c67c       0x16 ./src/main.o
 .debug_macro   0x0000c692       0x16 ./src/main.o
 .debug_macro   0x0000c6a8      0x146 ./src/main.o
 .debug_macro   0x0000c7ee       0x1a ./src/memop.o
 .debug_macro   0x0000c808      0x1b6 ./src/ringbuf.o
 .debug_macro   0x0000c9be       0x61 ./src/ringbuf.o
 .debug_macro   0x0000ca1f       0x10 ./src/ringbuf.o
 .debug_macro   0x0000ca2f       0x35 ./src/ringbuf.o
 .debug_macro   0x0000ca64       0x20 ./src/ringbuf.o
 .debug_macro   0x0000ca84      0x181 ./stdperiph/src/misc.o
 .debug_macro   0x0000cc05       0x86 ./stdperiph/src/misc.o
 .debug_macro   0x0000cc8b      0x2ea ./stdperiph/src/misc.o
 .debug_macro   0x0000cf75      0x14a ./stdperiph/src/misc.o
 .debug_macro   0x0000d0bf      0x3cf ./stdperiph/src/misc.o
 .debug_macro   0x0000d48e      0x17b ./stdperiph/src/misc.o
 .debug_macro   0x0000d609       0xac ./stdperiph/src/misc.o
 .debug_macro   0x0000d6b5      0x3b0 ./stdperiph/src/misc.o
 .debug_macro   0x0000da65       0x9d ./stdperiph/src/misc.o
 .debug_macro   0x0000db02      0x2d5 ./stdperiph/src/misc.o
 .debug_macro   0x0000ddd7      0x279 ./stdperiph/src/misc.o
 .debug_macro   0x0000e050      0x2b4 ./stdperiph/src/misc.o
 .debug_macro   0x0000e304       0x64 ./stdperiph/src/misc.o
 .debug_macro   0x0000e368       0x82 ./stdperiph/src/misc.o
 .debug_macro   0x0000e3ea       0x58 ./stdperiph/src/misc.o
 .debug_macro   0x0000e442      0x344 ./stdperiph/src/misc.o
 .debug_macro   0x0000e786      0x2c4 ./stdperiph/src/misc.o
 .debug_macro   0x0000ea4a      0x711 ./stdperiph/src/misc.o
 .debug_macro   0x0000f15b       0x34 ./stdperiph/src/misc.o
 .debug_macro   0x0000f18f      0x181 ./stdperiph/src/stm32f10x_exti.o
 .debug_macro   0x0000f310       0x97 ./stdperiph/src/stm32f10x_exti.o
 .debug_macro   0x0000f3a7       0x8c ./stdperiph/src/stm32f10x_exti.o
 .debug_macro   0x0000f433      0x1c9 ./stdperiph/src/stm32f10x_gpio.o
 .debug_macro   0x0000f5fc      0x2a7 ./stdperiph/src/stm32f10x_gpio.o
 .debug_macro   0x0000f8a3      0x29b ./stdperiph/src/stm32f10x_rcc.o
 .debug_macro   0x0000fb3e      0x3dc ./stdperiph/src/stm32f10x_rcc.o
 .debug_macro   0x0000ff1a      0x170 ./stdperiph/src/stm32f10x_usart.o
 .debug_macro   0x0001008a      0x223 ./stdperiph/src/stm32f10x_usart.o
 .debug_macro   0x000102ad      0x180 ./sys/stm32_it.o
 .debug_macro   0x0001042d       0xa6 ./sys/stm32_it.o
 .debug_macro   0x000104d3       0xab ./sys/system_stm32f10x.o
 .debug_macro   0x0001057e      0x19d ./usb/hw_config.o
 .debug_macro   0x0001071b      0x154 ./usb/usb_desc.o
 .debug_macro   0x0001086f      0x194 ./usb/usb_endp.o
 .debug_macro   0x00010a03      0x170 ./usb/usb_istr.o
 .debug_macro   0x00010b73      0x19e ./usb/usb_prop.o
 .debug_macro   0x00010d11       0x10 ./usb/usb_prop.o
 .debug_macro   0x00010d21      0x16a ./usb/usb_pwr.o

.debug_line     0x00000000     0xf987
 .debug_line    0x00000000      0x6ae ./drv/led.o
 .debug_line    0x000006ae      0x736 ./drv/timebase.o
 .debug_line    0x00000de4     0x1060 ./fsusb/src/usb_core.o
 .debug_line    0x00001e44      0x783 ./fsusb/src/usb_init.o
 .debug_line    0x000025c7      0x8d4 ./fsusb/src/usb_int.o
 .debug_line    0x00002e9b      0x830 ./fsusb/src/usb_mem.o
 .debug_line    0x000036cb      0xeeb ./fsusb/src/usb_regs.o
 .debug_line    0x000045b6      0x7b8 ./fsusb/src/usb_sil.o
 .debug_line    0x00004d6e      0x917 ./src/blaster.o
 .debug_line    0x00005685      0x6e1 ./src/blaster_port.o
 .debug_line    0x00005d66      0x8c9 ./src/ft245rom.o
 .debug_line    0x0000662f      0xa5e ./src/main.o
 .debug_line    0x0000708d      0x191 ./src/memop.o
 .debug_line    0x0000721e      0x9c8 ./src/ringbuf.o
 .debug_line    0x00007be6      0x88e ./stdperiph/src/misc.o
 .debug_line    0x00008474      0x93f ./stdperiph/src/stm32f10x_exti.o
 .debug_line    0x00008db3      0xb79 ./stdperiph/src/stm32f10x_gpio.o
 .debug_line    0x0000992c      0xd49 ./stdperiph/src/stm32f10x_rcc.o
 .debug_line    0x0000a675      0xb21 ./stdperiph/src/stm32f10x_usart.o
 .debug_line    0x0000b196       0x75 ./sys/startup_stm32f10x_md.o
 .debug_line    0x0000b20b      0x8c7 ./sys/stm32_it.o
 .debug_line    0x0000bad2      0x6d0 ./sys/system_stm32f10x.o
 .debug_line    0x0000c1a2      0xb96 ./usb/hw_config.o
 .debug_line    0x0000cd38      0x761 ./usb/usb_desc.o
 .debug_line    0x0000d499      0x85e ./usb/usb_endp.o
 .debug_line    0x0000dcf7      0x7db ./usb/usb_istr.o
 .debug_line    0x0000e4d2      0xb2f ./usb/usb_prop.o
 .debug_line    0x0000f001      0x986 ./usb/usb_pwr.o

.debug_str      0x00000000    0x5960d
 .debug_str     0x00000000    0x37dd7 ./drv/led.o
                              0x37fd1 (size before relaxing)
 .debug_str     0x00037dd7      0x43f ./drv/timebase.o
                              0x3817f (size before relaxing)
 .debug_str     0x00038216     0x4326 ./fsusb/src/usb_core.o
                              0x3bdc2 (size before relaxing)
 .debug_str     0x0003c53c       0x4f ./fsusb/src/usb_init.o
                              0x3b66c (size before relaxing)
 .debug_str     0x0003c58b       0x47 ./fsusb/src/usb_int.o
                              0x3b353 (size before relaxing)
 .debug_str     0x0003c5d2       0x47 ./fsusb/src/usb_mem.o
                              0x3b32c (size before relaxing)
 .debug_str     0x0003c619      0x378 ./fsusb/src/usb_regs.o
                              0x3b6b4 (size before relaxing)
 .debug_str     0x0003c991       0x6d ./fsusb/src/usb_sil.o
                              0x3b394 (size before relaxing)
 .debug_str     0x0003c9fe      0x820 ./src/blaster.o
                              0x3bf94 (size before relaxing)
 .debug_str     0x0003d21e      0x73c ./src/blaster_port.o
                              0x38787 (size before relaxing)
 .debug_str     0x0003d95a      0x31e ./src/ft245rom.o
                              0x3803e (size before relaxing)
 .debug_str     0x0003dc78     0x37d7 ./src/main.o
                              0x3f631 (size before relaxing)
 .debug_str     0x0004144f       0x22 ./src/memop.o
                               0x3154 (size before relaxing)
 .debug_str     0x00041471       0xd7 ./src/ringbuf.o
                              0x3af59 (size before relaxing)
 .debug_str     0x00041548    0x15e89 ./stdperiph/src/misc.o
                              0x4eca2 (size before relaxing)
 .debug_str     0x000573d1      0x1de ./stdperiph/src/stm32f10x_exti.o
                              0x4ec25 (size before relaxing)
 .debug_str     0x000575af      0x46a ./stdperiph/src/stm32f10x_gpio.o
                              0x4f02b (size before relaxing)
 .debug_str     0x00057a19      0xb1c ./stdperiph/src/stm32f10x_rcc.o
                              0x4f5fa (size before relaxing)
 .debug_str     0x00058535      0x7e8 ./stdperiph/src/stm32f10x_usart.o
                              0x379ad (size before relaxing)
 .debug_str     0x00058d1d       0x3a ./sys/startup_stm32f10x_md.o
                                 0x8f (size before relaxing)
 .debug_str     0x00058d57      0x12f ./sys/stm32_it.o
                              0x3bac3 (size before relaxing)
 .debug_str     0x00058e86       0xad ./sys/system_stm32f10x.o
                              0x33f0d (size before relaxing)
 .debug_str     0x00058f33      0x283 ./usb/hw_config.o
                              0x3cf54 (size before relaxing)
 .debug_str     0x000591b6       0x96 ./usb/usb_desc.o
                              0x3b5b3 (size before relaxing)
 .debug_str     0x0005924c       0x81 ./usb/usb_endp.o
                              0x3babf (size before relaxing)
 .debug_str     0x000592cd       0x31 ./usb/usb_istr.o
                              0x3b898 (size before relaxing)
 .debug_str     0x000592fe      0x20a ./usb/usb_prop.o
                              0x3c699 (size before relaxing)
 .debug_str     0x00059508      0x105 ./usb/usb_pwr.o
                              0x3ba48 (size before relaxing)

.comment        0x00000000       0x43
 .comment       0x00000000       0x43 ./drv/led.o
                                 0x44 (size before relaxing)
 .comment       0x00000043       0x44 ./drv/timebase.o
 .comment       0x00000043       0x44 ./fsusb/src/usb_core.o
 .comment       0x00000043       0x44 ./fsusb/src/usb_init.o
 .comment       0x00000043       0x44 ./fsusb/src/usb_int.o
 .comment       0x00000043       0x44 ./fsusb/src/usb_mem.o
 .comment       0x00000043       0x44 ./fsusb/src/usb_regs.o
 .comment       0x00000043       0x44 ./fsusb/src/usb_sil.o
 .comment       0x00000043       0x44 ./src/blaster.o
 .comment       0x00000043       0x44 ./src/blaster_port.o
 .comment       0x00000043       0x44 ./src/ft245rom.o
 .comment       0x00000043       0x44 ./src/main.o
 .comment       0x00000043       0x44 ./src/memop.o
 .comment       0x00000043       0x44 ./src/ringbuf.o
 .comment       0x00000043       0x44 ./stdperiph/src/misc.o
 .comment       0x00000043       0x44 ./stdperiph/src/stm32f10x_exti.o
 .comment       0x00000043       0x44 ./stdperiph/src/stm32f10x_gpio.o
 .comment       0x00000043       0x44 ./stdperiph/src/stm32f10x_rcc.o
 .comment       0x00000043       0x44 ./stdperiph/src/stm32f10x_usart.o
 .comment       0x00000043       0x44 ./sys/stm32_it.o
 .comment       0x00000043       0x44 ./sys/system_stm32f10x.o
 .comment       0x00000043       0x44 ./usb/hw_config.o
 .comment       0x00000043       0x44 ./usb/usb_desc.o
 .comment       0x00000043       0x44 ./usb/usb_endp.o
 .comment       0x00000043       0x44 ./usb/usb_istr.o
 .comment       0x00000043       0x44 ./usb/usb_prop.o
 .comment       0x00000043       0x44 ./usb/usb_pwr.o

.debug_frame    0x00000000     0x2918
 .debug_frame   0x00000000       0xc0 ./drv/led.o
 .debug_frame   0x000000c0      0x148 ./drv/timebase.o
 .debug_frame   0x00000208      0x2b8 ./fsusb/src/usb_core.o
 .debug_frame   0x000004c0       0x2c ./fsusb/src/usb_init.o
 .debug_frame   0x000004ec       0x5c ./fsusb/src/usb_int.o
 .debug_frame   0x00000548       0x60 ./fsusb/src/usb_mem.o
 .debug_frame   0x000005a8      0x91c ./fsusb/src/usb_regs.o
 .debug_frame   0x00000ec4       0x78 ./fsusb/src/usb_sil.o
 .debug_frame   0x00000f3c       0xb4 ./src/blaster.o
 .debug_frame   0x00000ff0       0xd4 ./src/blaster_port.o
 .debug_frame   0x000010c4       0x88 ./src/ft245rom.o
 .debug_frame   0x0000114c       0x64 ./src/main.o
 .debug_frame   0x000011b0       0x60 ./src/memop.o
 .debug_frame   0x00001210       0xf0 ./src/ringbuf.o
 .debug_frame   0x00001300       0xd8 ./stdperiph/src/misc.o
 .debug_frame   0x000013d8      0x148 ./stdperiph/src/stm32f10x_exti.o
 .debug_frame   0x00001520      0x2d0 ./stdperiph/src/stm32f10x_gpio.o
 .debug_frame   0x000017f0      0x4f4 ./stdperiph/src/stm32f10x_rcc.o
 .debug_frame   0x00001ce4      0x490 ./stdperiph/src/stm32f10x_usart.o
 .debug_frame   0x00002174      0x160 ./sys/stm32_it.o
 .debug_frame   0x000022d4       0x98 ./sys/system_stm32f10x.o
 .debug_frame   0x0000236c      0x228 ./usb/hw_config.o
 .debug_frame   0x00002594       0x74 ./usb/usb_endp.o
 .debug_frame   0x00002608       0x34 ./usb/usb_istr.o
 .debug_frame   0x0000263c      0x21c ./usb/usb_prop.o
 .debug_frame   0x00002858       0xc0 ./usb/usb_pwr.o

.debug_line_str
                0x00000000       0x73
 .debug_line_str
                0x00000000       0x73 ./sys/startup_stm32f10x_md.o
