../stdperiph/src/stm32f10x_usart.c:137:6:USART_DeInit	16	static
../stdperiph/src/stm32f10x_usart.c:183:6:USART_Init	56	static
../stdperiph/src/stm32f10x_usart.c:288:6:USART_StructInit	16	static
../stdperiph/src/stm32f10x_usart.c:309:6:USART_ClockInit	24	static
../stdperiph/src/stm32f10x_usart.c:340:6:USART_ClockStructInit	16	static
../stdperiph/src/stm32f10x_usart.c:358:6:USART_Cmd	16	static
../stdperiph/src/stm32f10x_usart.c:395:6:USART_ITConfig	32	static
../stdperiph/src/stm32f10x_usart.c:455:6:USART_DMACmd	16	static
../stdperiph/src/stm32f10x_usart.c:483:6:USART_SetAddress	16	static
../stdperiph/src/stm32f10x_usart.c:506:6:USART_WakeUpConfig	16	static
../stdperiph/src/stm32f10x_usart.c:525:6:USART_ReceiverWakeUpCmd	16	static
../stdperiph/src/stm32f10x_usart.c:554:6:USART_LINBreakDetectLengthConfig	16	static
../stdperiph/src/stm32f10x_usart.c:573:6:USART_LINCmd	16	static
../stdperiph/src/stm32f10x_usart.c:599:6:USART_SendData	16	static
../stdperiph/src/stm32f10x_usart.c:616:10:USART_ReceiveData	16	static
../stdperiph/src/stm32f10x_usart.c:632:6:USART_SendBreak	16	static
../stdperiph/src/stm32f10x_usart.c:648:6:USART_SetGuardTime	16	static
../stdperiph/src/stm32f10x_usart.c:668:6:USART_SetPrescaler	16	static
../stdperiph/src/stm32f10x_usart.c:687:6:USART_SmartCardCmd	16	static
../stdperiph/src/stm32f10x_usart.c:712:6:USART_SmartCardNACKCmd	16	static
../stdperiph/src/stm32f10x_usart.c:738:6:USART_HalfDuplexCmd	16	static
../stdperiph/src/stm32f10x_usart.c:769:6:USART_OverSampling8Cmd	16	static
../stdperiph/src/stm32f10x_usart.c:796:6:USART_OneBitMethodCmd	16	static
../stdperiph/src/stm32f10x_usart.c:825:6:USART_IrDAConfig	16	static
../stdperiph/src/stm32f10x_usart.c:844:6:USART_IrDACmd	16	static
../stdperiph/src/stm32f10x_usart.c:881:12:USART_GetFlagStatus	24	static
../stdperiph/src/stm32f10x_usart.c:930:6:USART_ClearFlag	16	static
../stdperiph/src/stm32f10x_usart.c:964:10:USART_GetITStatus	32	static
../stdperiph/src/stm32f10x_usart.c:1038:6:USART_ClearITPendingBit	24	static
