../sys/stm32_it.c:59:6:NMI_Handler	4	static
../sys/stm32_it.c:70:6:HardFault_Handler	4	static
../sys/stm32_it.c:84:6:MemManage_Handler	4	static
../sys/stm32_it.c:98:6:BusFault_Handler	4	static
../sys/stm32_it.c:112:6:UsageFault_Handler	4	static
../sys/stm32_it.c:126:6:SVC_Handler	4	static
../sys/stm32_it.c:137:6:DebugMon_Handler	4	static
../sys/stm32_it.c:148:6:PendSV_Handler	4	static
../sys/stm32_it.c:175:6:USB_HP_CAN1_TX_IRQHandler	8	static
../sys/stm32_it.c:188:6:USB_LP_CAN1_RX0_IRQHandler	8	static
../sys/stm32_it.c:200:6:USBWakeUp_IRQHandler	8	static
../sys/stm32_it.c:220:6:USART1_IRQHandler	8	static
